

==================================================================================
=== CALIBRE::DRC-H SUMMARY REPORT
===
Execution Date/Time:       Tue Oct  4 11:17:52 2016
Calibre Version:           v2015.3_25.16    Tue Sep 1 14:37:32 PDT 2015
Rule File Pathname:        /home/DREXEL/snv27/IBM_CMOS7RF/_cmrf7sf.drc.cal_
Rule File Title:           CMRF-7SF DRC (REV DATE 12/20/2013)
Layout System:             GDS
Layout Path(s):            std_inv_15.calibre.db
Layout Primary Cell:       std_inv_15
Current Directory:         /home/DREXEL/snv27/IBM_CMOS7RF
User Name:                 snv27
Maximum Results/RuleCheck: 1000
Maximum Result Vertices:   4096
DRC Results Database:      std_inv_15.drc.results (ASCII)
Layout Depth:              ALL
Text Depth:                PRIMARY
Summary Report File:       std_inv_15.drc.summary (REPLACE)
Geometry Flagging:         ACUTE = NO  SKEW = NO  ANGLED = NO  OFFGRID = NO
                           NONSIMPLE POLYGON = NO  NONSIMPLE PATH = NO
Excluded Cells:           
CheckText Mapping:         COMMENT TEXT + RULE FILE INFORMATION
Layers:                    MEMORY-BASED
Keep Empty Checks:         YES
----------------------------------------------------------------------------------
--- RUNTIME WARNINGS
---
----------------------------------------------------------------------------------
--- ORIGINAL LAYER STATISTICS
---
LAYER FTBAR ............ TOTAL Original Geometry Count = 0  (0)
LAYER FT ............... TOTAL Original Geometry Count = 0  (0)
LAYER CHIPEDGE ......... TOTAL Original Geometry Count = 0  (0)
LAYER MPW_EDGE ......... TOTAL Original Geometry Count = 0  (0)
LAYER CRACKSTOP ........ TOTAL Original Geometry Count = 0  (0)
LAYER JC ............... TOTAL Original Geometry Count = 0  (0)
LAYER LOGOBND .......... TOTAL Original Geometry Count = 0  (0)
LAYER BB ............... TOTAL Original Geometry Count = 0  (0)
LAYER NW ............... TOTAL Original Geometry Count = 2  (2)
LAYER ZEROVT ........... TOTAL Original Geometry Count = 0  (0)
LAYER BFMOAT ........... TOTAL Original Geometry Count = 0  (0)
LAYER PCFUSE ........... TOTAL Original Geometry Count = 0  (0)
LAYER BP ............... TOTAL Original Geometry Count = 2  (2)
LAYER AS ............... TOTAL Original Geometry Count = 0  (0)
LAYER TG ............... TOTAL Original Geometry Count = 0  (0)
LAYER MOSVAR ........... TOTAL Original Geometry Count = 0  (0)
LAYER DG ............... TOTAL Original Geometry Count = 0  (0)
LAYER HG ............... TOTAL Original Geometry Count = 0  (0)
LAYER OP ............... TOTAL Original Geometry Count = 0  (0)
LAYER RX ............... TOTAL Original Geometry Count = 8  (8)
LAYER PC ............... TOTAL Original Geometry Count = 2  (2)
LAYER RP ............... TOTAL Original Geometry Count = 0  (0)
LAYER RR ............... TOTAL Original Geometry Count = 0  (0)
LAYER PD ............... TOTAL Original Geometry Count = 0  (0)
LAYER RN ............... TOTAL Original Geometry Count = 0  (0)
LAYER BP2ND ............ TOTAL Original Geometry Count = 0  (0)
LAYER NS ............... TOTAL Original Geometry Count = 0  (0)
LAYER PI ............... TOTAL Original Geometry Count = 0  (0)
LAYER GUARDRNG ......... TOTAL Original Geometry Count = 0  (0)
LAYER CABAR ............ TOTAL Original Geometry Count = 0  (0)
LAYER CA ............... TOTAL Original Geometry Count = 11 (11)
LAYER IND_FILT ......... TOTAL Original Geometry Count = 0  (0)
LAYER DV ............... TOTAL Original Geometry Count = 0  (0)
LAYER LV ............... TOTAL Original Geometry Count = 0  (0)
LAYER TV ............... TOTAL Original Geometry Count = 0  (0)
LAYER AM ............... TOTAL Original Geometry Count = 0  (0)
LAYER E1 ............... TOTAL Original Geometry Count = 0  (0)
LAYER E2 ............... TOTAL Original Geometry Count = 0  (0)
LAYER M1 ............... TOTAL Original Geometry Count = 12 (12)
LAYER M2 ............... TOTAL Original Geometry Count = 0  (0)
LAYER M3 ............... TOTAL Original Geometry Count = 0  (0)
LAYER M4 ............... TOTAL Original Geometry Count = 0  (0)
LAYER M5 ............... TOTAL Original Geometry Count = 0  (0)
LAYER MA ............... TOTAL Original Geometry Count = 0  (0)
LAYER ML ............... TOTAL Original Geometry Count = 0  (0)
LAYER MT ............... TOTAL Original Geometry Count = 0  (0)
LAYER MZ ............... TOTAL Original Geometry Count = 0  (0)
LAYER V1BAR ............ TOTAL Original Geometry Count = 0  (0)
LAYER V2BAR ............ TOTAL Original Geometry Count = 0  (0)
LAYER V3BAR ............ TOTAL Original Geometry Count = 0  (0)
LAYER V4BAR ............ TOTAL Original Geometry Count = 0  (0)
LAYER V5BAR ............ TOTAL Original Geometry Count = 0  (0)
LAYER V1 ............... TOTAL Original Geometry Count = 0  (0)
LAYER V2 ............... TOTAL Original Geometry Count = 0  (0)
LAYER V3 ............... TOTAL Original Geometry Count = 0  (0)
LAYER V4 ............... TOTAL Original Geometry Count = 0  (0)
LAYER V5 ............... TOTAL Original Geometry Count = 0  (0)
LAYER GRLOGIC .......... TOTAL Original Geometry Count = 1  (1)
LAYER VTSENS ........... TOTAL Original Geometry Count = 0  (0)
LAYER GUARDEDGE ........ TOTAL Original Geometry Count = 0  (0)
LAYER PADFILTR ......... TOTAL Original Geometry Count = 0  (0)
LAYER LOWCRNT .......... TOTAL Original Geometry Count = 0  (0)
LAYER DI ............... TOTAL Original Geometry Count = 0  (0)
LAYER SBLK ............. TOTAL Original Geometry Count = 0  (0)
LAYER K1 ............... TOTAL Original Geometry Count = 0  (0)
LAYER HT ............... TOTAL Original Geometry Count = 0  (0)
LAYER QT ............... TOTAL Original Geometry Count = 0  (0)
LAYER MIM_HK ........... TOTAL Original Geometry Count = 0  (0)
LAYER MIM_HD ........... TOTAL Original Geometry Count = 0  (0)
LAYER TLINE ............ TOTAL Original Geometry Count = 0  (0)
LAYER DGV .............. TOTAL Original Geometry Count = 0  (0)
LAYER M1CHEXCL ......... TOTAL Original Geometry Count = 0  (0)
LAYER BONDPAD .......... TOTAL Original Geometry Count = 0  (0)
LAYER DIPI ............. TOTAL Original Geometry Count = 0  (0)
LAYER VNCAP_M1 ......... TOTAL Original Geometry Count = 0  (0)
LAYER VNCAP_M2 ......... TOTAL Original Geometry Count = 0  (0)
LAYER VNCAP_M3 ......... TOTAL Original Geometry Count = 0  (0)
LAYER VNCAP_M4 ......... TOTAL Original Geometry Count = 0  (0)
LAYER VNCAP_M5 ......... TOTAL Original Geometry Count = 0  (0)
LAYER VNCAP_MT ......... TOTAL Original Geometry Count = 0  (0)
LAYER RXEXCLUD ......... TOTAL Original Geometry Count = 0  (0)
LAYER PCING ............ TOTAL Original Geometry Count = 0  (0)
LAYER PCEXCLUD ......... TOTAL Original Geometry Count = 0  (0)
LAYER M1EXCLUD ......... TOTAL Original Geometry Count = 0  (0)
LAYER SCGATE ........... TOTAL Original Geometry Count = 0  (0)
LAYER RX5V ............. TOTAL Original Geometry Count = 0  (0)
LAYER FIVEVONLY ........ TOTAL Original Geometry Count = 0  (0)
LAYER FLTGATE .......... TOTAL Original Geometry Count = 0  (0)
LAYER RESHV ............ TOTAL Original Geometry Count = 0  (0)
LAYER ESD_CDM .......... TOTAL Original Geometry Count = 0  (0)
LAYER ESDUMMY .......... TOTAL Original Geometry Count = 0  (0)
LAYER LVDUMMY .......... TOTAL Original Geometry Count = 0  (0)
LAYER AM_PIN ........... TOTAL Original Geometry Count = 0  (0)
LAYER AM_NET ........... TOTAL Original Geometry Count = 0  (0)
LAYER DV_PIN ........... TOTAL Original Geometry Count = 0  (0)
LAYER DV_NET ........... TOTAL Original Geometry Count = 0  (0)
LAYER E1_PIN ........... TOTAL Original Geometry Count = 0  (0)
LAYER E1_NET ........... TOTAL Original Geometry Count = 0  (0)
LAYER LV_PIN ........... TOTAL Original Geometry Count = 0  (0)
LAYER LV_NET ........... TOTAL Original Geometry Count = 0  (0)
LAYER M1_PIN ........... TOTAL Original Geometry Count = 4  (4)
LAYER M1_NET ........... TOTAL Original Geometry Count = 0  (0)
LAYER M2_PIN ........... TOTAL Original Geometry Count = 0  (0)
LAYER M2_NET ........... TOTAL Original Geometry Count = 0  (0)
LAYER M3_PIN ........... TOTAL Original Geometry Count = 0  (0)
LAYER M3_NET ........... TOTAL Original Geometry Count = 0  (0)
LAYER M4_PIN ........... TOTAL Original Geometry Count = 0  (0)
LAYER M4_NET ........... TOTAL Original Geometry Count = 0  (0)
LAYER M5_PIN ........... TOTAL Original Geometry Count = 0  (0)
LAYER M5_NET ........... TOTAL Original Geometry Count = 0  (0)
LAYER MA_PIN ........... TOTAL Original Geometry Count = 0  (0)
LAYER MA_NET ........... TOTAL Original Geometry Count = 0  (0)
LAYER ML_PIN ........... TOTAL Original Geometry Count = 0  (0)
LAYER ML_NET ........... TOTAL Original Geometry Count = 0  (0)
LAYER MT_PIN ........... TOTAL Original Geometry Count = 0  (0)
LAYER MT_NET ........... TOTAL Original Geometry Count = 0  (0)
LAYER NW_PIN ........... TOTAL Original Geometry Count = 0  (0)
LAYER NW_NET ........... TOTAL Original Geometry Count = 0  (0)
LAYER RX_PIN ........... TOTAL Original Geometry Count = 0  (0)
LAYER RX_NET ........... TOTAL Original Geometry Count = 0  (0)
LAYER PC_PIN ........... TOTAL Original Geometry Count = 0  (0)
LAYER NWASP ............ TOTAL Original Geometry Count = 0  (0)
LAYER SCHKY ............ TOTAL Original Geometry Count = 0  (0)
LAYER JD ............... TOTAL Original Geometry Count = 0  (0)
LAYER NR ............... TOTAL Original Geometry Count = 0  (0)
LAYER PR ............... TOTAL Original Geometry Count = 0  (0)
LAYER BH ............... TOTAL Original Geometry Count = 0  (0)
LAYER BF ............... TOTAL Original Geometry Count = 0  (0)
LAYER E1_COIL .......... TOTAL Original Geometry Count = 0  (0)
LAYER M3_COIL .......... TOTAL Original Geometry Count = 0  (0)
LAYER M4_COIL .......... TOTAL Original Geometry Count = 0  (0)
LAYER MT_COIL .......... TOTAL Original Geometry Count = 0  (0)
LAYER BIPOLAR .......... TOTAL Original Geometry Count = 0  (0)
LAYER BPERI ............ TOTAL Original Geometry Count = 0  (0)
LAYER VNCAP_PARM ....... TOTAL Original Geometry Count = 0  (0)
LAYER VNCAP_COUNT ...... TOTAL Original Geometry Count = 0  (0)
LAYER PLYONCRK ......... TOTAL Original Geometry Count = 0  (0)
LAYER C4LV ............. TOTAL Original Geometry Count = 0  (0)
LAYER BN ............... TOTAL Original Geometry Count = 0  (0)
LAYER DE ............... TOTAL Original Geometry Count = 0  (0)
LAYER DF ............... TOTAL Original Geometry Count = 0  (0)
LAYER PH ............... TOTAL Original Geometry Count = 0  (0)
LAYER AMFILL ........... TOTAL Original Geometry Count = 0  (0)
LAYER E1FILL ........... TOTAL Original Geometry Count = 0  (0)
LAYER M1FILL ........... TOTAL Original Geometry Count = 0  (0)
LAYER M2FILL ........... TOTAL Original Geometry Count = 0  (0)
LAYER M3FILL ........... TOTAL Original Geometry Count = 0  (0)
LAYER M4FILL ........... TOTAL Original Geometry Count = 0  (0)
LAYER M5FILL ........... TOTAL Original Geometry Count = 0  (0)
LAYER MAFILL ........... TOTAL Original Geometry Count = 0  (0)
LAYER MLFILL ........... TOTAL Original Geometry Count = 0  (0)
LAYER MTFILL ........... TOTAL Original Geometry Count = 0  (0)
LAYER PCFILL ........... TOTAL Original Geometry Count = 0  (0)
LAYER RXFILL ........... TOTAL Original Geometry Count = 0  (0)
LAYER CA_NET ........... TOTAL Original Geometry Count = 0  (0)
LAYER CAB_NET .......... TOTAL Original Geometry Count = 0  (0)
LAYER E2_NET ........... TOTAL Original Geometry Count = 0  (0)
LAYER FT_NET ........... TOTAL Original Geometry Count = 0  (0)
LAYER NS_NET ........... TOTAL Original Geometry Count = 0  (0)
LAYER V1_NET ........... TOTAL Original Geometry Count = 0  (0)
LAYER V1B_NET .......... TOTAL Original Geometry Count = 0  (0)
LAYER V2_NET ........... TOTAL Original Geometry Count = 0  (0)
LAYER V2B_NET .......... TOTAL Original Geometry Count = 0  (0)
LAYER V3_NET ........... TOTAL Original Geometry Count = 0  (0)
LAYER V3B_NET .......... TOTAL Original Geometry Count = 0  (0)
LAYER V4_NET ........... TOTAL Original Geometry Count = 0  (0)
LAYER V5_NET ........... TOTAL Original Geometry Count = 0  (0)
LAYER V5B_NET .......... TOTAL Original Geometry Count = 0  (0)
LAYER PC_NET ........... TOTAL Original Geometry Count = 0  (0)
LAYER CUPILLAR ......... TOTAL Original Geometry Count = 0  (0)
LAYER JS ............... TOTAL Original Geometry Count = 0  (0)
LAYER ESDRF ............ TOTAL Original Geometry Count = 0  (0)
LAYER DS_MATCH ......... TOTAL Original Geometry Count = 0  (0)
LAYER NOIBMCRACKSTOP ... TOTAL Original Geometry Count = 0  (0)
LAYER CAP .............. TOTAL Original Geometry Count = 0  (0)
----------------------------------------------------------------------------------
--- RULECHECK RESULTS STATISTICS
---
RULECHECK skew_edge .......... TOTAL Result Count = 0 (0)
RULECHECK GR_LEVGEN_bf ....... TOTAL Result Count = 0 (0)
RULECHECK GR_LEVGEN_bh ....... TOTAL Result Count = 0 (0)
RULECHECK GR_LEVGEN_bn ....... TOTAL Result Count = 0 (0)
RULECHECK GR_LEVGEN_de ....... TOTAL Result Count = 0 (0)
RULECHECK GR_LEVGEN_df ....... TOTAL Result Count = 0 (0)
RULECHECK GR_LEVGEN_ph ....... TOTAL Result Count = 0 (0)
RULECHECK GR_FILL_am ......... TOTAL Result Count = 0 (0)
RULECHECK GR_FILL_e1 ......... TOTAL Result Count = 0 (0)
RULECHECK GR_FILL_m1 ......... TOTAL Result Count = 0 (0)
RULECHECK GR_FILL_m2 ......... TOTAL Result Count = 0 (0)
RULECHECK GR_FILL_m3 ......... TOTAL Result Count = 0 (0)
RULECHECK GR_FILL_m4 ......... TOTAL Result Count = 0 (0)
RULECHECK GR_FILL_m5 ......... TOTAL Result Count = 0 (0)
RULECHECK GR_FILL_ma ......... TOTAL Result Count = 0 (0)
RULECHECK GR_FILL_ml ......... TOTAL Result Count = 0 (0)
RULECHECK GR_FILL_mt ......... TOTAL Result Count = 0 (0)
RULECHECK GR_FILL_pc ......... TOTAL Result Count = 0 (0)
RULECHECK GR_FILL_rx ......... TOTAL Result Count = 0 (0)
RULECHECK GR_NET_ca .......... TOTAL Result Count = 0 (0)
RULECHECK GR_NET_cab ......... TOTAL Result Count = 0 (0)
RULECHECK GR_NET_e2 .......... TOTAL Result Count = 0 (0)
RULECHECK GR_NET_ft .......... TOTAL Result Count = 0 (0)
RULECHECK GR_NET_ns .......... TOTAL Result Count = 0 (0)
RULECHECK GR_NET_V1 .......... TOTAL Result Count = 0 (0)
RULECHECK GR_NET_V1B ......... TOTAL Result Count = 0 (0)
RULECHECK GR_NET_V2 .......... TOTAL Result Count = 0 (0)
RULECHECK GR_NET_V2B ......... TOTAL Result Count = 0 (0)
RULECHECK GR_NET_V3 .......... TOTAL Result Count = 0 (0)
RULECHECK GR_NET_V3B ......... TOTAL Result Count = 0 (0)
RULECHECK GR_NET_V4 .......... TOTAL Result Count = 0 (0)
RULECHECK GR_NET_V4B ......... TOTAL Result Count = 0 (0)
RULECHECK GR_NET_V5 .......... TOTAL Result Count = 0 (0)
RULECHECK GR_NET_V5B ......... TOTAL Result Count = 0 (0)
RULECHECK GR_PIN_am .......... TOTAL Result Count = 0 (0)
RULECHECK GR_PIN_dv .......... TOTAL Result Count = 0 (0)
RULECHECK GR_PIN_e1 .......... TOTAL Result Count = 0 (0)
RULECHECK GR_PIN_lv .......... TOTAL Result Count = 0 (0)
RULECHECK GR_PIN_m1 .......... TOTAL Result Count = 0 (0)
RULECHECK GR_PIN_m2 .......... TOTAL Result Count = 0 (0)
RULECHECK GR_PIN_m3 .......... TOTAL Result Count = 0 (0)
RULECHECK GR_PIN_m4 .......... TOTAL Result Count = 0 (0)
RULECHECK GR_PIN_m5 .......... TOTAL Result Count = 0 (0)
RULECHECK GR_PIN_ma .......... TOTAL Result Count = 0 (0)
RULECHECK GR_PIN_ml .......... TOTAL Result Count = 0 (0)
RULECHECK GR_PIN_mt .......... TOTAL Result Count = 0 (0)
RULECHECK GR_PIN_nw .......... TOTAL Result Count = 0 (0)
RULECHECK GR_PIN_rx .......... TOTAL Result Count = 0 (0)
RULECHECK GR_NET_pc .......... TOTAL Result Count = 0 (0)
RULECHECK GR_PIN_pc .......... TOTAL Result Count = 0 (0)
RULECHECK GR_DSRAM ........... TOTAL Result Count = 0 (0)
RULECHECK GRF20_M2 ........... TOTAL Result Count = 0 (0)
RULECHECK GRF20R_M2 .......... NOT EXECUTED
RULECHECK GRF20_M3 ........... TOTAL Result Count = 0 (0)
RULECHECK GRF20R_M3 .......... NOT EXECUTED
RULECHECK GRF20_M4 ........... TOTAL Result Count = 0 (0)
RULECHECK GRF20R_M4 .......... NOT EXECUTED
RULECHECK GRF20_M5 ........... TOTAL Result Count = 0 (0)
RULECHECK GRF20R_M5 .......... NOT EXECUTED
RULECHECK GRF20_MT ........... TOTAL Result Count = 0 (0)
RULECHECK GR1 ................ TOTAL Result Count = 0 (0)
RULECHECK GR1_DSRAM .......... NOT EXECUTED
RULECHECK GR1_SRAMDP ......... NOT EXECUTED
RULECHECK GR1_SRAMSTD ........ NOT EXECUTED
RULECHECK GR2 ................ TOTAL Result Count = 0 (0)
RULECHECK GR2_DSRAM .......... NOT EXECUTED
RULECHECK GR2_SRAMDP ......... NOT EXECUTED
RULECHECK GR2_SRAMSTD ........ NOT EXECUTED
RULECHECK GR3 ................ TOTAL Result Count = 0 (0)
RULECHECK GR3R ............... NOT EXECUTED
RULECHECK GR4 ................ TOTAL Result Count = 0 (0)
RULECHECK GR4R ............... NOT EXECUTED
RULECHECK GR10 ............... TOTAL Result Count = 0 (0)
RULECHECK GR11 ............... TOTAL Result Count = 0 (0)
RULECHECK GR11_DSRAM ......... NOT EXECUTED
RULECHECK GR11_SRAMDP ........ NOT EXECUTED
RULECHECK GR40b .............. TOTAL Result Count = 0 (0)
RULECHECK GR50 ............... TOTAL Result Count = 0 (0)
RULECHECK GR50_DSRAM ......... NOT EXECUTED
RULECHECK GR50_SRAMHVT ....... TOTAL Result Count = 0 (0)
RULECHECK GR50_SRAMDP ........ NOT EXECUTED
RULECHECK GR50_SRAMSTD ....... NOT EXECUTED
RULECHECK GR50b .............. TOTAL Result Count = 0 (0)
RULECHECK GR50R .............. NOT EXECUTED
RULECHECK GR51 ............... TOTAL Result Count = 0 (0)
RULECHECK GR51R .............. NOT EXECUTED
RULECHECK GR52 ............... TOTAL Result Count = 0 (0)
RULECHECK GR52_DSRAM ......... NOT EXECUTED
RULECHECK GR52_SRAMHVT ....... TOTAL Result Count = 0 (0)
RULECHECK GR52_SRAMDP ........ NOT EXECUTED
RULECHECK GR52_SRAMSTD ....... NOT EXECUTED
RULECHECK GR52R .............. NOT EXECUTED
RULECHECK GRCPRX4_ns ......... TOTAL Result Count = 0 (0)
RULECHECK GRCPRX4_sbd ........ TOTAL Result Count = 0 (0)
RULECHECK GRRX8b ............. TOTAL Result Count = 0 (0)
RULECHECK GRRX8d ............. TOTAL Result Count = 0 (0)
RULECHECK GRRX19R ............ NOT EXECUTED
RULECHECK GRRX23 ............. TOTAL Result Count = 0 (0)
RULECHECK GR100 .............. TOTAL Result Count = 0 (0)
RULECHECK GR100_DSRAM ........ NOT EXECUTED
RULECHECK GR100_SRAMHVT ...... NOT EXECUTED
RULECHECK GR100_SRAMDP ....... NOT EXECUTED
RULECHECK GR100_SRAMSTD ...... NOT EXECUTED
RULECHECK GR100R ............. NOT EXECUTED
RULECHECK GR101a ............. TOTAL Result Count = 0 (0)
RULECHECK GR101b ............. TOTAL Result Count = 0 (0)
RULECHECK GR102a ............. TOTAL Result Count = 0 (0)
RULECHECK GR102a_DSRAM ....... NOT EXECUTED
RULECHECK GR102a_SRAMHVT ..... TOTAL Result Count = 0 (0)
RULECHECK GR102a_SRAMDP ...... NOT EXECUTED
RULECHECK GR102a_SRAMSTD ..... NOT EXECUTED
RULECHECK GR102b ............. TOTAL Result Count = 0 (0)
RULECHECK GR102b_DSRAM ....... NOT EXECUTED
RULECHECK GR102b_SRAMHVT ..... TOTAL Result Count = 0 (0)
RULECHECK GR102b_SRAMDP ...... NOT EXECUTED
RULECHECK GR102b_SRAMSTD ..... NOT EXECUTED
RULECHECK GR102aR ............ NOT EXECUTED
RULECHECK GR104a ............. TOTAL Result Count = 0 (0)
RULECHECK GR104a_DSRAM ....... NOT EXECUTED
RULECHECK GR104a_SRAMDP ...... NOT EXECUTED
RULECHECK GR104b ............. TOTAL Result Count = 0 (0)
RULECHECK GR104b_DSRAM ....... NOT EXECUTED
RULECHECK GR104b_SRAMDP ...... NOT EXECUTED
RULECHECK GR104R ............. NOT EXECUTED
RULECHECK GR110 .............. TOTAL Result Count = 0 (0)
RULECHECK GR110_DSRAM ........ NOT EXECUTED
RULECHECK GR110_SRAMHVT ...... TOTAL Result Count = 0 (0)
RULECHECK GR110_SRAMDP ....... NOT EXECUTED
RULECHECK GR110_SRAMSTD ...... NOT EXECUTED
RULECHECK GR110R ............. NOT EXECUTED
RULECHECK GR111 .............. TOTAL Result Count = 0 (0)
RULECHECK GR111_DSRAM ........ NOT EXECUTED
RULECHECK GR111_SRAMHVT ...... NOT EXECUTED
RULECHECK GR111_SRAMDP ....... NOT EXECUTED
RULECHECK GR111_SRAMSTD ...... NOT EXECUTED
RULECHECK GR112 .............. TOTAL Result Count = 0 (0)
RULECHECK GR113R ............. NOT EXECUTED
RULECHECK GR114 .............. TOTAL Result Count = 0 (0)
RULECHECK GR114_DSRAM ........ NOT EXECUTED
RULECHECK GR114_SRAMDP ....... NOT EXECUTED
RULECHECK GR114_SRAMSTD ...... NOT EXECUTED
RULECHECK GR114R ............. NOT EXECUTED
RULECHECK GR115 .............. TOTAL Result Count = 0 (0)
RULECHECK GR115R ............. NOT EXECUTED
RULECHECK GR115_DSRAM ........ NOT EXECUTED
RULECHECK GR115_SRAMDP ....... TOTAL Result Count = 0 (0)
RULECHECK GR115_SRAMSTD ...... NOT EXECUTED
RULECHECK GR119 .............. TOTAL Result Count = 0 (0)
RULECHECK GR119_RAM .......... NOT EXECUTED
RULECHECK GR119_RAMDP ........ NOT EXECUTED
RULECHECK GR120a_90 .......... TOTAL Result Count = 0 (0)
RULECHECK GR120a_45 .......... TOTAL Result Count = 0 (0)
RULECHECK GR120b ............. TOTAL Result Count = 0 (0)
RULECHECK GR120c ............. TOTAL Result Count = 0 (0)
RULECHECK GR121 .............. TOTAL Result Count = 0 (0)
RULECHECK GR123a_45 .......... TOTAL Result Count = 0 (0)
RULECHECK GR123a_90i ......... TOTAL Result Count = 0 (0)
RULECHECK GR123a_90o ......... TOTAL Result Count = 0 (0)
RULECHECK GR123b ............. TOTAL Result Count = 0 (0)
RULECHECK GR125 .............. TOTAL Result Count = 0 (0)
RULECHECK GR130b ............. TOTAL Result Count = 0 (0)
RULECHECK GRBB131 ............ TOTAL Result Count = 0 (0)
RULECHECK GR132 .............. TOTAL Result Count = 0 (0)
RULECHECK GR132R ............. NOT EXECUTED
RULECHECK GR200 .............. TOTAL Result Count = 0 (0)
RULECHECK GR203a ............. TOTAL Result Count = 0 (0)
RULECHECK GR203a_DSRAM ....... NOT EXECUTED
RULECHECK GR203a_SRAMDP ...... NOT EXECUTED
RULECHECK GR204 .............. TOTAL Result Count = 0 (0)
RULECHECK GR204_DSRAM ........ NOT EXECUTED
RULECHECK GR204_SRAMDP ....... NOT EXECUTED
RULECHECK GR204_SRAMSTD ...... NOT EXECUTED
RULECHECK GR204a ............. TOTAL Result Count = 0 (0)
RULECHECK GR204R ............. NOT EXECUTED
RULECHECK GR207 .............. TOTAL Result Count = 0 (0)
RULECHECK GR207_DSRAM ........ NOT EXECUTED
RULECHECK GR207_SRAMDP ....... NOT EXECUTED
RULECHECK GR207_SRAMSTD ...... NOT EXECUTED
RULECHECK GR208 .............. TOTAL Result Count = 0 (0)
RULECHECK GR208_DSRAM ........ NOT EXECUTED
RULECHECK GR208_SRAMHVT ...... NOT EXECUTED
RULECHECK GR208_SRAMDP ....... NOT EXECUTED
RULECHECK GR208_SRAMSTD ...... NOT EXECUTED
RULECHECK GR208a ............. TOTAL Result Count = 0 (0)
RULECHECK GR209 .............. TOTAL Result Count = 0 (0)
RULECHECK GR209R ............. NOT EXECUTED
RULECHECK GR209a ............. TOTAL Result Count = 0 (0)
RULECHECK GR211 .............. TOTAL Result Count = 0 (0)
RULECHECK GR212 .............. TOTAL Result Count = 0 (0)
RULECHECK GR220 .............. TOTAL Result Count = 0 (0)
RULECHECK GR223a ............. TOTAL Result Count = 0 (0)
RULECHECK GR223b ............. TOTAL Result Count = 0 (0)
RULECHECK GR223c ............. TOTAL Result Count = 0 (0)
RULECHECK GR225 .............. TOTAL Result Count = 0 (0)
RULECHECK GR225R ............. NOT EXECUTED
RULECHECK GR228 .............. TOTAL Result Count = 0 (0)
RULECHECK GR250 .............. TOTAL Result Count = 0 (0)
RULECHECK GR250a ............. TOTAL Result Count = 0 (0)
RULECHECK GR252a ............. TOTAL Result Count = 0 (0)
RULECHECK GR252b ............. TOTAL Result Count = 0 (0)
RULECHECK GR252c ............. TOTAL Result Count = 0 (0)
RULECHECK GR252dR ............ NOT EXECUTED
RULECHECK GRNWASP1 ........... TOTAL Result Count = 0 (0)
RULECHECK GR260 .............. TOTAL Result Count = 0 (0)
RULECHECK GR260_DSRAM ........ NOT EXECUTED
RULECHECK GR260_SRAMDP ....... NOT EXECUTED
RULECHECK GR260_SRAMSTD ...... NOT EXECUTED
RULECHECK GR260a ............. TOTAL Result Count = 0 (0)
RULECHECK GR260aR ............ NOT EXECUTED
RULECHECK GRCP260 ............ TOTAL Result Count = 0 (0)
RULECHECK GRCP260c ........... TOTAL Result Count = 0 (0)
RULECHECK GRCP260d ........... TOTAL Result Count = 0 (0)
RULECHECK GR261 .............. TOTAL Result Count = 0 (0)
RULECHECK GR261f ............. TOTAL Result Count = 0 (0)
RULECHECK GR262 .............. TOTAL Result Count = 0 (0)
RULECHECK GR262f ............. TOTAL Result Count = 0 (0)
RULECHECK GR262b ............. TOTAL Result Count = 0 (0)
RULECHECK GR265 .............. TOTAL Result Count = 0 (0)
RULECHECK GR265_DSRAM ........ NOT EXECUTED
RULECHECK GR265_SRAMDP ....... NOT EXECUTED
RULECHECK GR265_SRAMSTD ...... NOT EXECUTED
RULECHECK GR265b ............. TOTAL Result Count = 0 (0)
RULECHECK GR265R ............. NOT EXECUTED
RULECHECK GR265a ............. TOTAL Result Count = 0 (0)
RULECHECK GR265aR ............ NOT EXECUTED
RULECHECK GRCP265b ........... TOTAL Result Count = 0 (0)
RULECHECK GR266 .............. TOTAL Result Count = 0 (0)
RULECHECK GR266R ............. NOT EXECUTED
RULECHECK GRCP266c ........... TOTAL Result Count = 0 (0)
RULECHECK GR268 .............. TOTAL Result Count = 0 (0)
RULECHECK GRBB268 ............ TOTAL Result Count = 0 (0)
RULECHECK GR268b ............. TOTAL Result Count = 0 (0)
RULECHECK GR268dR ............ NOT EXECUTED
RULECHECK GR268eR ............ NOT EXECUTED
RULECHECK GR268g1 ............ TOTAL Result Count = 0 (0)
RULECHECK GR268g2 ............ TOTAL Result Count = 0 (0)
RULECHECK GR268g3 ............ TOTAL Result Count = 0 (0)
RULECHECK GR268g4 ............ TOTAL Result Count = 0 (0)
RULECHECK GR269 .............. TOTAL Result Count = 0 (0)
RULECHECK GR269a ............. TOTAL Result Count = 0 (0)
RULECHECK GRNW4 .............. TOTAL Result Count = 0 (0)
RULECHECK GRNW5 .............. TOTAL Result Count = 0 (0)
RULECHECK GRVTSENS00 ......... TOTAL Result Count = 0 (0)
RULECHECK GRVTSENS01 ......... TOTAL Result Count = 0 (0)
RULECHECK GRVTSENS02 ......... TOTAL Result Count = 0 (0)
RULECHECK GR290 .............. TOTAL Result Count = 0 (0)
RULECHECK GR291 .............. TOTAL Result Count = 0 (0)
RULECHECK GR292 .............. TOTAL Result Count = 0 (0)
RULECHECK GR294a ............. TOTAL Result Count = 0 (0)
RULECHECK GR294aR ............ NOT EXECUTED
RULECHECK GR294b ............. TOTAL Result Count = 0 (0)
RULECHECK GR294bR ............ NOT EXECUTED
RULECHECK GR299b ............. TOTAL Result Count = 0 (0)
RULECHECK GRNR10_bb .......... TOTAL Result Count = 0 (0)
RULECHECK GRNR10_di .......... TOTAL Result Count = 0 (0)
RULECHECK GRNR10_mvr ......... TOTAL Result Count = 0 (0)
RULECHECK GRNR10_pd .......... TOTAL Result Count = 0 (0)
RULECHECK GRNR11 ............. TOTAL Result Count = 0 (0)
RULECHECK GRNR12 ............. TOTAL Result Count = 0 (0)
RULECHECK GRNR13 ............. TOTAL Result Count = 0 (0)
RULECHECK GRLW00 ............. TOTAL Result Count = 0 (0)
RULECHECK GRLW01 ............. TOTAL Result Count = 0 (0)
RULECHECK GRLW02 ............. TOTAL Result Count = 0 (0)
RULECHECK GRLW04a ............ TOTAL Result Count = 0 (0)
RULECHECK GRLW04aR ........... NOT EXECUTED
RULECHECK GRLW04b ............ TOTAL Result Count = 0 (0)
RULECHECK GRLW04bR ........... NOT EXECUTED
RULECHECK GRLW09 ............. TOTAL Result Count = 0 (0)
RULECHECK GRLW10_bb .......... TOTAL Result Count = 0 (0)
RULECHECK GRLW10_di .......... TOTAL Result Count = 0 (0)
RULECHECK GRLW10_mvr ......... TOTAL Result Count = 0 (0)
RULECHECK GRLW10_pd .......... TOTAL Result Count = 0 (0)
RULECHECK GRLW11 ............. TOTAL Result Count = 0 (0)
RULECHECK GRLW12 ............. TOTAL Result Count = 0 (0)
RULECHECK GRLW13 ............. TOTAL Result Count = 0 (0)
RULECHECK GR350 .............. TOTAL Result Count = 0 (0)
RULECHECK GR351a ............. TOTAL Result Count = 0 (0)
RULECHECK GR351b ............. TOTAL Result Count = 0 (0)
RULECHECK GR352 .............. TOTAL Result Count = 0 (0)
RULECHECK GR353 .............. TOTAL Result Count = 0 (0)
RULECHECK GR354a ............. TOTAL Result Count = 0 (0)
RULECHECK GR354b ............. TOTAL Result Count = 0 (0)
RULECHECK GR355 .............. TOTAL Result Count = 0 (0)
RULECHECK GR356b ............. TOTAL Result Count = 0 (0)
RULECHECK GR357 .............. TOTAL Result Count = 0 (0)
RULECHECK GR357a ............. TOTAL Result Count = 0 (0)
RULECHECK GR357b ............. TOTAL Result Count = 0 (0)
RULECHECK GR358b ............. TOTAL Result Count = 0 (0)
RULECHECK GR358c ............. TOTAL Result Count = 0 (0)
RULECHECK GR358d ............. TOTAL Result Count = 0 (0)
RULECHECK GR358e ............. TOTAL Result Count = 0 (0)
RULECHECK GR358f ............. TOTAL Result Count = 0 (0)
RULECHECK GR358g ............. TOTAL Result Count = 0 (0)
RULECHECK GR358h ............. TOTAL Result Count = 0 (0)
RULECHECK GR358i ............. TOTAL Result Count = 0 (0)
RULECHECK GR358j ............. TOTAL Result Count = 0 (0)
RULECHECK GR358k ............. TOTAL Result Count = 0 (0)
RULECHECK GR358m ............. TOTAL Result Count = 0 (0)
RULECHECK GR358n ............. TOTAL Result Count = 0 (0)
RULECHECK GR370 .............. TOTAL Result Count = 0 (0)
RULECHECK GR370_DSRAM ........ NOT EXECUTED
RULECHECK GR370_SRAMDP ....... NOT EXECUTED
RULECHECK GR370a ............. TOTAL Result Count = 0 (0)
RULECHECK GR370b ............. TOTAL Result Count = 0 (0)
RULECHECK GR371 .............. TOTAL Result Count = 0 (0)
RULECHECK GRBP3 .............. TOTAL Result Count = 0 (0)
RULECHECK GR372 .............. TOTAL Result Count = 0 (0)
RULECHECK GR372a ............. TOTAL Result Count = 0 (0)
RULECHECK GR373 .............. TOTAL Result Count = 0 (0)
RULECHECK GR373a ............. TOTAL Result Count = 0 (0)
RULECHECK GR374 .............. TOTAL Result Count = 0 (0)
RULECHECK GR378 .............. TOTAL Result Count = 0 (0)
RULECHECK GR379 .............. TOTAL Result Count = 0 (0)
RULECHECK GR500 .............. TOTAL Result Count = 0 (0)
RULECHECK GR500_DSRAM ........ NOT EXECUTED
RULECHECK GR500_SRAMDP ....... NOT EXECUTED
RULECHECK GR500_SRAMSTD ...... NOT EXECUTED
RULECHECK GR500b ............. TOTAL Result Count = 0 (0)
RULECHECK GR501a ............. TOTAL Result Count = 0 (0)
RULECHECK GR501b ............. TOTAL Result Count = 0 (0)
RULECHECK GR502 .............. TOTAL Result Count = 0 (0)
RULECHECK GR502_DSRAM ........ NOT EXECUTED
RULECHECK GR502_SRAMDP ....... NOT EXECUTED
RULECHECK GR502_SRAMSTD ...... NOT EXECUTED
RULECHECK GR502R ............. NOT EXECUTED
RULECHECK GR504 .............. TOTAL Result Count = 0 (0)
RULECHECK GR504a ............. TOTAL Result Count = 0 (0)
RULECHECK GR504R ............. NOT EXECUTED
RULECHECK GR504b ............. TOTAL Result Count = 0 (0)
RULECHECK GR504cR ............ NOT EXECUTED
RULECHECK GR504dR ............ NOT EXECUTED
RULECHECK GR505a ............. TOTAL Result Count = 0 (0)
RULECHECK GR505a_DSRAM ....... NOT EXECUTED
RULECHECK GR505a_SRAMHVT ..... TOTAL Result Count = 0 (0)
RULECHECK GR505a_SRAMDP ...... NOT EXECUTED
RULECHECK GR505b ............. TOTAL Result Count = 0 (0)
RULECHECK GR506aR ............ NOT EXECUTED
RULECHECK GR506bR ............ NOT EXECUTED
RULECHECK GR553a1R_v1 ........ NOT EXECUTED
RULECHECK GR553bR_v1 ......... NOT EXECUTED
RULECHECK GR553a1R_v2 ........ NOT EXECUTED
RULECHECK GR553bR_v2 ......... NOT EXECUTED
RULECHECK GR553a1R_v3 ........ NOT EXECUTED
RULECHECK GR553bR_v3 ......... NOT EXECUTED
RULECHECK GR553a1R_v4 ........ NOT EXECUTED
RULECHECK GR553bR_v4 ......... NOT EXECUTED
RULECHECK GR553a1R_v5 ........ NOT EXECUTED
RULECHECK GR553bR_v5 ......... NOT EXECUTED
RULECHECK GR550_1 ............ TOTAL Result Count = 0 (0)
RULECHECK GR553a_1 ........... TOTAL Result Count = 0 (0)
RULECHECK GR558_1 ............ TOTAL Result Count = 0 (0)
RULECHECK GR560_V1 ........... TOTAL Result Count = 0 (0)
RULECHECK GR566_1 ............ TOTAL Result Count = 0 (0)
RULECHECK GR567_V1 ........... TOTAL Result Count = 0 (0)
RULECHECK GR567b_V1 .......... TOTAL Result Count = 0 (0)
RULECHECK GR550_2 ............ TOTAL Result Count = 0 (0)
RULECHECK GR558_2 ............ TOTAL Result Count = 0 (0)
RULECHECK GR560_V2 ........... TOTAL Result Count = 0 (0)
RULECHECK GR553a_2 ........... TOTAL Result Count = 0 (0)
RULECHECK GR566_2 ............ TOTAL Result Count = 0 (0)
RULECHECK GR567_V2 ........... TOTAL Result Count = 0 (0)
RULECHECK GR567b_V2 .......... TOTAL Result Count = 0 (0)
RULECHECK GR550_3 ............ TOTAL Result Count = 0 (0)
RULECHECK GR553a_3 ........... TOTAL Result Count = 0 (0)
RULECHECK GR558_3 ............ TOTAL Result Count = 0 (0)
RULECHECK GR560_V3 ........... TOTAL Result Count = 0 (0)
RULECHECK GR566_3 ............ TOTAL Result Count = 0 (0)
RULECHECK GR567_V3 ........... TOTAL Result Count = 0 (0)
RULECHECK GR567b_V3 .......... TOTAL Result Count = 0 (0)
RULECHECK GR550_4 ............ TOTAL Result Count = 0 (0)
RULECHECK GR553a_4 ........... TOTAL Result Count = 0 (0)
RULECHECK GR558_4 ............ TOTAL Result Count = 0 (0)
RULECHECK GR560_V4 ........... TOTAL Result Count = 0 (0)
RULECHECK GR566_4 ............ TOTAL Result Count = 0 (0)
RULECHECK GR567_V4 ........... TOTAL Result Count = 0 (0)
RULECHECK GR567b_V4 .......... TOTAL Result Count = 0 (0)
RULECHECK GR550_5 ............ TOTAL Result Count = 0 (0)
RULECHECK GR553a_5 ........... TOTAL Result Count = 0 (0)
RULECHECK GR558_5 ............ TOTAL Result Count = 0 (0)
RULECHECK GR560_V5 ........... TOTAL Result Count = 0 (0)
RULECHECK GR566_5 ............ TOTAL Result Count = 0 (0)
RULECHECK GR567_V5 ........... TOTAL Result Count = 0 (0)
RULECHECK GR567b_V5 .......... TOTAL Result Count = 0 (0)
RULECHECK GR570 .............. TOTAL Result Count = 0 (0)
RULECHECK GR570c ............. TOTAL Result Count = 0 (0)
RULECHECK GR570R ............. NOT EXECUTED
RULECHECK GR571R ............. NOT EXECUTED
RULECHECK GR575a ............. TOTAL Result Count = 0 (0)
RULECHECK GR575ab ............ TOTAL Result Count = 0 (0)
RULECHECK GR600_2 ............ TOTAL Result Count = 0 (0)
RULECHECK GR601a_2 ........... TOTAL Result Count = 0 (0)
RULECHECK GR601b_2 ........... TOTAL Result Count = 0 (0)
RULECHECK GR602_2 ............ TOTAL Result Count = 0 (0)
RULECHECK GR602R_2 ........... NOT EXECUTED
RULECHECK GR604_2 ............ TOTAL Result Count = 0 (0)
RULECHECK GR604R_2 ........... NOT EXECUTED
RULECHECK GR604a_2 ........... TOTAL Result Count = 0 (0)
RULECHECK GR604cR_2 .......... NOT EXECUTED
RULECHECK GR604dR_2 .......... NOT EXECUTED
RULECHECK GR610_2 ............ TOTAL Result Count = 0 (0)
RULECHECK GR610c_V2 .......... TOTAL Result Count = 0 (0)
RULECHECK GR610R_2 ........... NOT EXECUTED
RULECHECK GR611_V2 ........... TOTAL Result Count = 0 (0)
RULECHECK GR611a_V2 .......... TOTAL Result Count = 0 (0)
RULECHECK GR612_1 ............ TOTAL Result Count = 0 (0)
RULECHECK GR600_3 ............ TOTAL Result Count = 0 (0)
RULECHECK GR601a_3 ........... TOTAL Result Count = 0 (0)
RULECHECK GR601b_3 ........... TOTAL Result Count = 0 (0)
RULECHECK GR602_3 ............ TOTAL Result Count = 0 (0)
RULECHECK GR602R_3 ........... NOT EXECUTED
RULECHECK GR604_3 ............ TOTAL Result Count = 0 (0)
RULECHECK GR604R_3 ........... NOT EXECUTED
RULECHECK GR604a_3 ........... TOTAL Result Count = 0 (0)
RULECHECK GR604cR_3 .......... NOT EXECUTED
RULECHECK GR604dR_3 .......... NOT EXECUTED
RULECHECK GR610_3 ............ TOTAL Result Count = 0 (0)
RULECHECK GR610c_V3 .......... TOTAL Result Count = 0 (0)
RULECHECK GR610R_3 ........... NOT EXECUTED
RULECHECK GR611_V3 ........... TOTAL Result Count = 0 (0)
RULECHECK GR611a_V3 .......... TOTAL Result Count = 0 (0)
RULECHECK GR611bR_3 .......... NOT EXECUTED
RULECHECK GR612R_2 ........... NOT EXECUTED
RULECHECK GR600_4 ............ TOTAL Result Count = 0 (0)
RULECHECK GR602_4 ............ TOTAL Result Count = 0 (0)
RULECHECK GR602R_4 ........... NOT EXECUTED
RULECHECK GR601a_4 ........... TOTAL Result Count = 0 (0)
RULECHECK GR601b_4 ........... TOTAL Result Count = 0 (0)
RULECHECK GR604_4 ............ TOTAL Result Count = 0 (0)
RULECHECK GR604R_4 ........... NOT EXECUTED
RULECHECK GR604a_4 ........... TOTAL Result Count = 0 (0)
RULECHECK GR604cR_4 .......... NOT EXECUTED
RULECHECK GR604dR_4 .......... NOT EXECUTED
RULECHECK GR610_4 ............ TOTAL Result Count = 0 (0)
RULECHECK GR610c_V4 .......... TOTAL Result Count = 0 (0)
RULECHECK GR610R_4 ........... NOT EXECUTED
RULECHECK GR611_V4 ........... TOTAL Result Count = 0 (0)
RULECHECK GR611a_V4 .......... TOTAL Result Count = 0 (0)
RULECHECK GR611bR_4 .......... NOT EXECUTED
RULECHECK GR612R_3 ........... NOT EXECUTED
RULECHECK GR600_5 ............ TOTAL Result Count = 0 (0)
RULECHECK GR602_5 ............ TOTAL Result Count = 0 (0)
RULECHECK GR602R_5 ........... NOT EXECUTED
RULECHECK GR601a_5 ........... TOTAL Result Count = 0 (0)
RULECHECK GR601b_5 ........... TOTAL Result Count = 0 (0)
RULECHECK GR604_5 ............ TOTAL Result Count = 0 (0)
RULECHECK GR604R_5 ........... NOT EXECUTED
RULECHECK GR604a_5 ........... TOTAL Result Count = 0 (0)
RULECHECK GR604cR_5 .......... NOT EXECUTED
RULECHECK GR604dR_5 .......... NOT EXECUTED
RULECHECK GR610_5 ............ TOTAL Result Count = 0 (0)
RULECHECK GR610c_V5 .......... TOTAL Result Count = 0 (0)
RULECHECK GR610R_5 ........... NOT EXECUTED
RULECHECK GR611_V5 ........... TOTAL Result Count = 0 (0)
RULECHECK GR611a_V5 .......... TOTAL Result Count = 0 (0)
RULECHECK GR611bR_5 .......... NOT EXECUTED
RULECHECK GR612R_4 ........... NOT EXECUTED
RULECHECK GR612R_5 ........... NOT EXECUTED
RULECHECK GR611bR_t .......... NOT EXECUTED
RULECHECK GR640 .............. TOTAL Result Count = 0 (0)
RULECHECK GR641a ............. TOTAL Result Count = 0 (0)
RULECHECK GR641b ............. TOTAL Result Count = 0 (0)
RULECHECK GR641bR ............ NOT EXECUTED
RULECHECK GR642 .............. TOTAL Result Count = 0 (0)
RULECHECK GR642R ............. NOT EXECUTED
RULECHECK GR644 .............. TOTAL Result Count = 0 (0)
RULECHECK GR644a ............. TOTAL Result Count = 0 (0)
RULECHECK GR644b ............. TOTAL Result Count = 0 (0)
RULECHECK GR644R ............. NOT EXECUTED
RULECHECK GR650a1 ............ TOTAL Result Count = 0 (0)
RULECHECK GR650a2 ............ TOTAL Result Count = 0 (0)
RULECHECK GR650b1 ............ TOTAL Result Count = 0 (0)
RULECHECK GR650b2 ............ TOTAL Result Count = 0 (0)
RULECHECK GR651a ............. TOTAL Result Count = 0 (0)
RULECHECK GR651b ............. TOTAL Result Count = 0 (0)
RULECHECK GR653b ............. TOTAL Result Count = 0 (0)
RULECHECK GR653c ............. TOTAL Result Count = 0 (0)
RULECHECK GRBEOL2 ............ TOTAL Result Count = 0 (0)
RULECHECK GR655b ............. TOTAL Result Count = 0 (0)
RULECHECK GR655c ............. TOTAL Result Count = 0 (0)
RULECHECK GR656b ............. TOTAL Result Count = 0 (0)
RULECHECK GR656c ............. TOTAL Result Count = 0 (0)
RULECHECK GR657b ............. TOTAL Result Count = 0 (0)
RULECHECK GR657c ............. TOTAL Result Count = 0 (0)
RULECHECK GR658ab ............ TOTAL Result Count = 0 (0)
RULECHECK GR658c ............. TOTAL Result Count = 0 (0)
RULECHECK GR658c1 ............ TOTAL Result Count = 0 (0)
RULECHECK GR658d ............. TOTAL Result Count = 0 (0)
RULECHECK GR658d1 ............ TOTAL Result Count = 0 (0)
RULECHECK GRFT1 .............. TOTAL Result Count = 0 (0)
RULECHECK GRFT2 .............. TOTAL Result Count = 0 (0)
RULECHECK GRFT3 .............. TOTAL Result Count = 0 (0)
RULECHECK GRFT6 .............. TOTAL Result Count = 0 (0)
RULECHECK GRFT7 .............. TOTAL Result Count = 0 (0)
RULECHECK GRFT8 .............. TOTAL Result Count = 0 (0)
RULECHECK GRFT9 .............. TOTAL Result Count = 0 (0)
RULECHECK GRFT10 ............. TOTAL Result Count = 0 (0)
RULECHECK GRAM1 .............. TOTAL Result Count = 0 (0)
RULECHECK GRAM1a ............. TOTAL Result Count = 0 (0)
RULECHECK GRAM2 .............. TOTAL Result Count = 0 (0)
RULECHECK GRAM2a ............. TOTAL Result Count = 0 (0)
RULECHECK GRAM2aa ............ TOTAL Result Count = 0 (0)
RULECHECK GRAM2b ............. TOTAL Result Count = 0 (0)
RULECHECK GRAM2ba ............ TOTAL Result Count = 0 (0)
RULECHECK GRAM2b2 ............ TOTAL Result Count = 0 (0)
RULECHECK GRAM2c ............. TOTAL Result Count = 0 (0)
RULECHECK GRAM3 .............. TOTAL Result Count = 0 (0)
RULECHECK GRAM4 .............. TOTAL Result Count = 0 (0)
RULECHECK GRPILLAR00 ......... TOTAL Result Count = 0 (0)
RULECHECK GRPILLAR01 ......... TOTAL Result Count = 0 (0)
RULECHECK GRPD1 .............. TOTAL Result Count = 0 (0)
RULECHECK GRPD2a ............. TOTAL Result Count = 0 (0)
RULECHECK GRPD3 .............. TOTAL Result Count = 0 (0)
RULECHECK GRPD4 .............. TOTAL Result Count = 0 (0)
RULECHECK GRPD5 .............. TOTAL Result Count = 0 (0)
RULECHECK GRPD6 .............. TOTAL Result Count = 0 (0)
RULECHECK GRPD6a ............. TOTAL Result Count = 0 (0)
RULECHECK GRPD6b ............. TOTAL Result Count = 0 (0)
RULECHECK GRPD7 .............. TOTAL Result Count = 0 (0)
RULECHECK GRPD9b ............. TOTAL Result Count = 0 (0)
RULECHECK GRPD10a ............ TOTAL Result Count = 0 (0)
RULECHECK GRPD10b ............ TOTAL Result Count = 0 (0)
RULECHECK GRPD11 ............. TOTAL Result Count = 0 (0)
RULECHECK GRPD14 ............. TOTAL Result Count = 0 (0)
RULECHECK GRPD15 ............. TOTAL Result Count = 0 (0)
RULECHECK GRPD16 ............. TOTAL Result Count = 0 (0)
RULECHECK GRRN1 .............. TOTAL Result Count = 0 (0)
RULECHECK GRRN2 .............. TOTAL Result Count = 0 (0)
RULECHECK GRRN3 .............. TOTAL Result Count = 0 (0)
RULECHECK GRRN4 .............. TOTAL Result Count = 0 (0)
RULECHECK GRRN5a ............. TOTAL Result Count = 0 (0)
RULECHECK GRRN6 .............. TOTAL Result Count = 0 (0)
RULECHECK GRRN7 .............. TOTAL Result Count = 0 (0)
RULECHECK GRRN10 ............. TOTAL Result Count = 0 (0)
RULECHECK GRRN11 ............. TOTAL Result Count = 0 (0)
RULECHECK GRRN12 ............. TOTAL Result Count = 0 (0)
RULECHECK GRRN13 ............. TOTAL Result Count = 0 (0)
RULECHECK GRBB1 .............. TOTAL Result Count = 0 (0)
RULECHECK GRBB1a ............. TOTAL Result Count = 0 (0)
RULECHECK GRBB1b ............. TOTAL Result Count = 0 (0)
RULECHECK GRBB2 .............. TOTAL Result Count = 0 (0)
RULECHECK GRBB2a ............. TOTAL Result Count = 0 (0)
RULECHECK GRBB6 .............. TOTAL Result Count = 0 (0)
RULECHECK GRBB6a ............. TOTAL Result Count = 0 (0)
RULECHECK GRBB7 .............. TOTAL Result Count = 0 (0)
RULECHECK GRBB34 ............. TOTAL Result Count = 0 (0)
RULECHECK GRBB34a ............ TOTAL Result Count = 0 (0)
RULECHECK GRBB35 ............. TOTAL Result Count = 0 (0)
RULECHECK GRBB35a ............ TOTAL Result Count = 0 (0)
RULECHECK GRBB37 ............. TOTAL Result Count = 0 (0)
RULECHECK GRBB38 ............. TOTAL Result Count = 0 (0)
RULECHECK GRBB41 ............. TOTAL Result Count = 0 (0)
RULECHECK GRPBN10 ............ TOTAL Result Count = 0 (0)
RULECHECK GRPBN11 ............ TOTAL Result Count = 0 (0)
RULECHECK GRPBN12 ............ TOTAL Result Count = 0 (0)
RULECHECK GRNS1 .............. TOTAL Result Count = 0 (0)
RULECHECK GRNS2 .............. TOTAL Result Count = 0 (0)
RULECHECK GRNS4b ............. TOTAL Result Count = 0 (0)
RULECHECK GRNS5 .............. TOTAL Result Count = 0 (0)
RULECHECK GRNS5R ............. NOT EXECUTED
RULECHECK GRCPNS7 ............ TOTAL Result Count = 0 (0)
RULECHECK GRNS9 .............. TOTAL Result Count = 0 (0)
RULECHECK GRNS10 ............. TOTAL Result Count = 0 (0)
RULECHECK GRNS15a ............ TOTAL Result Count = 0 (0)
RULECHECK GRNS15bR ........... NOT EXECUTED
RULECHECK GRNS15cR ........... NOT EXECUTED
RULECHECK GRNS16 ............. TOTAL Result Count = 0 (0)
RULECHECK GRNS21b ............ TOTAL Result Count = 0 (0)
RULECHECK GRNS26 ............. TOTAL Result Count = 0 (0)
RULECHECK GR380 .............. TOTAL Result Count = 0 (0)
RULECHECK GR380a ............. TOTAL Result Count = 0 (0)
RULECHECK GR380c_bb .......... TOTAL Result Count = 0 (0)
RULECHECK GR380c_pi .......... TOTAL Result Count = 0 (0)
RULECHECK GR380cR_ns ......... NOT EXECUTED
RULECHECK GR380cR_rn ......... NOT EXECUTED
RULECHECK GR380d ............. TOTAL Result Count = 0 (0)
RULECHECK GR380e_dg .......... TOTAL Result Count = 0 (0)
RULECHECK GR380e_op .......... TOTAL Result Count = 0 (0)
RULECHECK GR380e_pc .......... TOTAL Result Count = 0 (0)
RULECHECK GR380g ............. TOTAL Result Count = 0 (0)
RULECHECK GR381 .............. TOTAL Result Count = 0 (0)
RULECHECK GR381b ............. TOTAL Result Count = 0 (0)
RULECHECK GR382b ............. TOTAL Result Count = 0 (0)
RULECHECK GR383 .............. TOTAL Result Count = 0 (0)
RULECHECK GR385 .............. TOTAL Result Count = 0 (0)
RULECHECK GR385a ............. TOTAL Result Count = 0 (0)
RULECHECK GR387 .............. TOTAL Result Count = 0 (0)
RULECHECK GR387b ............. TOTAL Result Count = 0 (0)
RULECHECK GR388 .............. TOTAL Result Count = 0 (0)
RULECHECK GR389 .............. TOTAL Result Count = 0 (0)
RULECHECK GR710 .............. TOTAL Result Count = 0 (0)
RULECHECK GR710R ............. NOT EXECUTED
RULECHECK GR711 .............. TOTAL Result Count = 0 (0)
RULECHECK GR711R ............. NOT EXECUTED
RULECHECK GR712 .............. TOTAL Result Count = 0 (0)
RULECHECK GR712R ............. NOT EXECUTED
RULECHECK GR713a ............. TOTAL Result Count = 0 (0)
RULECHECK GR713R ............. NOT EXECUTED
RULECHECK GR713b ............. TOTAL Result Count = 0 (0)
RULECHECK GR713c ............. TOTAL Result Count = 0 (0)
RULECHECK GR715a ............. TOTAL Result Count = 0 (0)
RULECHECK GR715b ............. TOTAL Result Count = 0 (0)
RULECHECK GR715f ............. TOTAL Result Count = 0 (0)
RULECHECK GR716a ............. TOTAL Result Count = 0 (0)
RULECHECK GR716b ............. TOTAL Result Count = 0 (0)
RULECHECK GR716c ............. TOTAL Result Count = 0 (0)
RULECHECK GR717a ............. TOTAL Result Count = 0 (0)
RULECHECK GR717b ............. TOTAL Result Count = 0 (0)
RULECHECK GR725 .............. TOTAL Result Count = 0 (0)
RULECHECK GR726 .............. TOTAL Result Count = 0 (0)
RULECHECK GR727 .............. TOTAL Result Count = 0 (0)
RULECHECK GR728 .............. TOTAL Result Count = 0 (0)
RULECHECK GR729a ............. TOTAL Result Count = 0 (0)
RULECHECK GR729b ............. TOTAL Result Count = 0 (0)
RULECHECK GR730 .............. TOTAL Result Count = 0 (0)
RULECHECK GR731 .............. TOTAL Result Count = 0 (0)
RULECHECK GROP9 .............. TOTAL Result Count = 0 (0)
RULECHECK GROP9a ............. TOTAL Result Count = 0 (0)
RULECHECK GR732 .............. TOTAL Result Count = 0 (0)
RULECHECK GR733 .............. TOTAL Result Count = 0 (0)
RULECHECK GR733a ............. TOTAL Result Count = 0 (0)
RULECHECK GR733aR ............ NOT EXECUTED
RULECHECK GR734a ............. TOTAL Result Count = 0 (0)
RULECHECK GR734b ............. TOTAL Result Count = 0 (0)
RULECHECK GR735a2 ............ TOTAL Result Count = 0 (0)
RULECHECK GR735b ............. TOTAL Result Count = 0 (0)
RULECHECK GR736 .............. TOTAL Result Count = 0 (0)
RULECHECK GR736a ............. TOTAL Result Count = 0 (0)
RULECHECK GR736a1 ............ TOTAL Result Count = 0 (0)
RULECHECK GR736a2 ............ TOTAL Result Count = 0 (0)
RULECHECK GR736a3 ............ TOTAL Result Count = 0 (0)
RULECHECK GR737 .............. TOTAL Result Count = 0 (0)
RULECHECK GR737a ............. TOTAL Result Count = 0 (0)
RULECHECK GR738a ............. TOTAL Result Count = 0 (0)
RULECHECK GR738b ............. TOTAL Result Count = 0 (0)
RULECHECK GR738c_TF .......... TOTAL Result Count = 0 (0)
RULECHECK GR739a ............. TOTAL Result Count = 0 (0)
RULECHECK GR739aR ............ NOT EXECUTED
RULECHECK GR739b ............. TOTAL Result Count = 0 (0)
RULECHECK GR739bR ............ NOT EXECUTED
RULECHECK GROP20 ............. TOTAL Result Count = 0 (0)
RULECHECK GROP24 ............. TOTAL Result Count = 0 (0)
RULECHECK GROP29 ............. TOTAL Result Count = 0 (0)
RULECHECK GROP30 ............. TOTAL Result Count = 0 (0)
RULECHECK GROP32_nr .......... TOTAL Result Count = 0 (0)
RULECHECK GROP32_pr .......... TOTAL Result Count = 0 (0)
RULECHECK GRPBR19 ............ TOTAL Result Count = 0 (0)
RULECHECK GRPBR29 ............ TOTAL Result Count = 0 (0)
RULECHECK GRPBR31 ............ TOTAL Result Count = 0 (0)
RULECHECK GRPBR33 ............ TOTAL Result Count = 0 (0)
RULECHECK GRPBR35 ............ TOTAL Result Count = 0 (0)
RULECHECK GRPCR20a ........... TOTAL Result Count = 0 (0)
RULECHECK GRSBLK4 ............ TOTAL Result Count = 0 (0)
RULECHECK GROP31 ............. TOTAL Result Count = 0 (0)
RULECHECK GRRR1 .............. TOTAL Result Count = 0 (0)
RULECHECK GRRR2 .............. TOTAL Result Count = 0 (0)
RULECHECK GRRR3 .............. TOTAL Result Count = 0 (0)
RULECHECK GRRR4 .............. TOTAL Result Count = 0 (0)
RULECHECK GRRR5 .............. TOTAL Result Count = 0 (0)
RULECHECK GRRR6 .............. TOTAL Result Count = 0 (0)
RULECHECK GRRR7 .............. TOTAL Result Count = 0 (0)
RULECHECK GRRR8 .............. TOTAL Result Count = 0 (0)
RULECHECK GRRR9 .............. TOTAL Result Count = 0 (0)
RULECHECK GRRR10 ............. TOTAL Result Count = 0 (0)
RULECHECK GRRR11 ............. TOTAL Result Count = 0 (0)
RULECHECK GRSERP1 ............ TOTAL Result Count = 0 (0)
RULECHECK GRSERP7 ............ TOTAL Result Count = 0 (0)
RULECHECK GRSERP10 ........... TOTAL Result Count = 0 (0)
RULECHECK GRSERP11 ........... TOTAL Result Count = 0 (0)
RULECHECK GRSERP12 ........... TOTAL Result Count = 0 (0)
RULECHECK GRSERP13 ........... TOTAL Result Count = 0 (0)
RULECHECK GRSERP15 ........... TOTAL Result Count = 0 (0)
RULECHECK GRSERP16 ........... TOTAL Result Count = 0 (0)
RULECHECK GRRP1 .............. TOTAL Result Count = 0 (0)
RULECHECK GRRP2 .............. TOTAL Result Count = 0 (0)
RULECHECK GRRP4 .............. TOTAL Result Count = 0 (0)
RULECHECK GRRP5 .............. TOTAL Result Count = 0 (0)
RULECHECK GRRP6 .............. TOTAL Result Count = 0 (0)
RULECHECK GRRP7 .............. TOTAL Result Count = 0 (0)
RULECHECK GRRP8 .............. TOTAL Result Count = 0 (0)
RULECHECK GRRP9 .............. TOTAL Result Count = 0 (0)
RULECHECK GRRP10 ............. TOTAL Result Count = 0 (0)
RULECHECK GRRP11 ............. TOTAL Result Count = 0 (0)
RULECHECK GRKX1 .............. TOTAL Result Count = 0 (0)
RULECHECK GRKX2 .............. TOTAL Result Count = 0 (0)
RULECHECK GRKX3 .............. TOTAL Result Count = 0 (0)
RULECHECK GRKX4 .............. TOTAL Result Count = 0 (0)
RULECHECK GRKX5 .............. TOTAL Result Count = 0 (0)
RULECHECK GRKX6 .............. TOTAL Result Count = 0 (0)
RULECHECK GRKX8 .............. TOTAL Result Count = 0 (0)
RULECHECK GRKX9 .............. TOTAL Result Count = 0 (0)
RULECHECK GRKX10 ............. TOTAL Result Count = 0 (0)
RULECHECK GRKX11 ............. TOTAL Result Count = 0 (0)
RULECHECK GRQCAP1_qt ......... TOTAL Result Count = 0 (0)
RULECHECK GRQCAP1a_ht ........ TOTAL Result Count = 0 (0)
RULECHECK GRQCAP1b ........... TOTAL Result Count = 0 (0)
RULECHECK GRQCAP1c ........... TOTAL Result Count = 0 (0)
RULECHECK GRQCAP2 ............ TOTAL Result Count = 0 (0)
RULECHECK GRQCAP2a1 .......... TOTAL Result Count = 0 (0)
RULECHECK GRQCAP2b_qt ........ TOTAL Result Count = 0 (0)
RULECHECK GRQCAP2b_ht ........ TOTAL Result Count = 0 (0)
RULECHECK GRQCAP3 ............ TOTAL Result Count = 0 (0)
RULECHECK GRQCAP3a ........... TOTAL Result Count = 0 (0)
RULECHECK GRQCAP4 ............ TOTAL Result Count = 0 (0)
RULECHECK GRQCAP4a ........... TOTAL Result Count = 0 (0)
RULECHECK GRQCAP4b ........... TOTAL Result Count = 0 (0)
RULECHECK GRQCAP4c ........... TOTAL Result Count = 0 (0)
RULECHECK GRQCAP5 ............ TOTAL Result Count = 0 (0)
RULECHECK GRQCAP6 ............ TOTAL Result Count = 0 (0)
RULECHECK GRQCAP8b_bb ........ TOTAL Result Count = 0 (0)
RULECHECK GRQCAP8b_nw ........ TOTAL Result Count = 0 (0)
RULECHECK GRQCAP10 ........... TOTAL Result Count = 0 (0)
RULECHECK GRQCAP12b .......... TOTAL Result Count = 0 (0)
RULECHECK GRQCAP16 ........... TOTAL Result Count = 0 (0)
RULECHECK GRQCAP16b .......... TOTAL Result Count = 0 (0)
RULECHECK GRQCAP17R .......... NOT EXECUTED
RULECHECK GRQCAP21 ........... TOTAL Result Count = 0 (0)
RULECHECK GRQCAP22 ........... TOTAL Result Count = 0 (0)
RULECHECK GRQCAP22a .......... TOTAL Result Count = 0 (0)
RULECHECK GRQCAP23a_single ... TOTAL Result Count = 0 (0)
RULECHECK GRQCAP23a_dual ..... TOTAL Result Count = 0 (0)
RULECHECK GRQCAP23b .......... TOTAL Result Count = 0 (0)
RULECHECK GRQCAP30 ........... TOTAL Result Count = 0 (0)
RULECHECK GRQCAP30a .......... TOTAL Result Count = 0 (0)
RULECHECK GRQCAP33 ........... TOTAL Result Count = 0 (0)
RULECHECK GRQCAP34 ........... TOTAL Result Count = 0 (0)
RULECHECK GRIND11_bp ......... TOTAL Result Count = 0 (0)
RULECHECK GRIND11_cabar ...... TOTAL Result Count = 0 (0)
RULECHECK GRIND11_dg ......... TOTAL Result Count = 0 (0)
RULECHECK GRIND11_dv ......... TOTAL Result Count = 0 (0)
RULECHECK GRIND11_lv ......... TOTAL Result Count = 0 (0)
RULECHECK GRIND11_lvd ........ TOTAL Result Count = 0 (0)
RULECHECK GRIND11_m2 ......... TOTAL Result Count = 0 (0)
RULECHECK GRIND11_m3 ......... TOTAL Result Count = 0 (0)
RULECHECK GRIND11_m4 ......... TOTAL Result Count = 0 (0)
RULECHECK GRIND11_m5 ......... TOTAL Result Count = 0 (0)
RULECHECK GRIND11_mt ......... TOTAL Result Count = 0 (0)
RULECHECK GRIND11_ns ......... TOTAL Result Count = 0 (0)
RULECHECK GRIND11_nw ......... TOTAL Result Count = 0 (0)
RULECHECK GRIND11_op ......... TOTAL Result Count = 0 (0)
RULECHECK GRIND11_pc ......... TOTAL Result Count = 0 (0)
RULECHECK GRIND11_pi ......... TOTAL Result Count = 0 (0)
RULECHECK GRIND11_qt ......... TOTAL Result Count = 0 (0)
RULECHECK GRIND11_rn ......... TOTAL Result Count = 0 (0)
RULECHECK GRIND11_rx ......... TOTAL Result Count = 0 (0)
RULECHECK GRIND11_m1 ......... TOTAL Result Count = 0 (0)
RULECHECK GRIND12 ............ TOTAL Result Count = 0 (0)
RULECHECK GRIND13 ............ TOTAL Result Count = 0 (0)
RULECHECK GRIND16 ............ TOTAL Result Count = 0 (0)
RULECHECK GRIND23 ............ TOTAL Result Count = 0 (0)
RULECHECK GRIND23a ........... TOTAL Result Count = 0 (0)
RULECHECK GRIND23b_m3 ........ TOTAL Result Count = 0 (0)
RULECHECK GRIND23b_m4 ........ TOTAL Result Count = 0 (0)
RULECHECK GRIND23b_mt ........ TOTAL Result Count = 0 (0)
RULECHECK GRTL1aR ............ NOT EXECUTED
RULECHECK GRTL1b ............. TOTAL Result Count = 0 (0)
RULECHECK GRTL2a ............. TOTAL Result Count = 0 (0)
RULECHECK GRTL2b ............. TOTAL Result Count = 0 (0)
RULECHECK GRTL3a ............. TOTAL Result Count = 0 (0)
RULECHECK GRTL4a ............. TOTAL Result Count = 0 (0)
RULECHECK GRTL5 .............. TOTAL Result Count = 0 (0)
RULECHECK GRTL6a_di .......... TOTAL Result Count = 0 (0)
RULECHECK GRTL6a_m1 .......... TOTAL Result Count = 0 (0)
RULECHECK GRTL6a_m2 .......... TOTAL Result Count = 0 (0)
RULECHECK GRTL6a_m3 .......... TOTAL Result Count = 0 (0)
RULECHECK GRTL6a_m4 .......... TOTAL Result Count = 0 (0)
RULECHECK GRTL6a_m5 .......... TOTAL Result Count = 0 (0)
RULECHECK GRTL6a_mt .......... TOTAL Result Count = 0 (0)
RULECHECK GRTL6a_ns .......... TOTAL Result Count = 0 (0)
RULECHECK GRTL6a_nw .......... TOTAL Result Count = 0 (0)
RULECHECK GRTL6a_op .......... TOTAL Result Count = 0 (0)
RULECHECK GRTL6a_pc .......... TOTAL Result Count = 0 (0)
RULECHECK GRTL6a_pi .......... TOTAL Result Count = 0 (0)
RULECHECK GRTL6a_rx .......... TOTAL Result Count = 0 (0)
RULECHECK GRTL6b ............. TOTAL Result Count = 0 (0)
RULECHECK GRTL10 ............. TOTAL Result Count = 0 (0)
RULECHECK GR1a ............... TOTAL Result Count = 0 (0)
RULECHECK GR1b ............... TOTAL Result Count = 0 (0)
RULECHECK GR10a .............. TOTAL Result Count = 0 (0)
RULECHECK GR122a ............. TOTAL Result Count = 0 (0)
RULECHECK GR280 .............. TOTAL Result Count = 0 (0)
RULECHECK GR280a ............. TOTAL Result Count = 0 (0)
RULECHECK GR282 .............. TOTAL Result Count = 0 (0)
RULECHECK GR283 .............. TOTAL Result Count = 0 (0)
RULECHECK GR284 .............. TOTAL Result Count = 0 (0)
RULECHECK GR286 .............. TOTAL Result Count = 0 (0)
RULECHECK GR288 .............. TOTAL Result Count = 0 (0)
RULECHECK GR289 .............. TOTAL Result Count = 0 (0)
RULECHECK GR289a ............. TOTAL Result Count = 0 (0)
RULECHECK GRZT1 .............. TOTAL Result Count = 0 (0)
RULECHECK GRZT2 .............. TOTAL Result Count = 0 (0)
RULECHECK GRZT3 .............. TOTAL Result Count = 0 (0)
RULECHECK GRZT4 .............. TOTAL Result Count = 0 (0)
RULECHECK GRZT5_jd ........... TOTAL Result Count = 0 (0)
RULECHECK GRZT5_rp ........... TOTAL Result Count = 0 (0)
RULECHECK GRZT5_rr ........... TOTAL Result Count = 0 (0)
RULECHECK GRZT6 .............. TOTAL Result Count = 0 (0)
RULECHECK GRZT9 .............. TOTAL Result Count = 0 (0)
RULECHECK GRDG0 .............. TOTAL Result Count = 0 (0)
RULECHECK GRDG1 .............. TOTAL Result Count = 0 (0)
RULECHECK GRDG2b ............. TOTAL Result Count = 0 (0)
RULECHECK GRDG3 .............. TOTAL Result Count = 0 (0)
RULECHECK GRDG4 .............. TOTAL Result Count = 0 (0)
RULECHECK GRDG5 .............. TOTAL Result Count = 0 (0)
RULECHECK GRDG6 .............. TOTAL Result Count = 0 (0)
RULECHECK GRDG7 .............. TOTAL Result Count = 0 (0)
RULECHECK GRDG8ab ............ TOTAL Result Count = 0 (0)
RULECHECK GRDGV8ab ........... TOTAL Result Count = 0 (0)
RULECHECK GRDG8c ............. TOTAL Result Count = 0 (0)
RULECHECK GRDG8d ............. TOTAL Result Count = 0 (0)
RULECHECK GRDG9 .............. TOTAL Result Count = 0 (0)
RULECHECK GRDG10 ............. TOTAL Result Count = 0 (0)
RULECHECK GRDG11 ............. TOTAL Result Count = 0 (0)
RULECHECK GRDG13_bb .......... TOTAL Result Count = 0 (0)
RULECHECK GRDG13_bh .......... TOTAL Result Count = 0 (0)
RULECHECK GRDG13_nw .......... TOTAL Result Count = 0 (0)
RULECHECK GRDG14 ............. TOTAL Result Count = 0 (0)
RULECHECK GRDG15 ............. TOTAL Result Count = 0 (0)
RULECHECK GRDG16 ............. TOTAL Result Count = 0 (0)
RULECHECK GRDG21 ............. TOTAL Result Count = 0 (0)
RULECHECK GRDG50 ............. TOTAL Result Count = 0 (0)
RULECHECK GRDG52 ............. TOTAL Result Count = 0 (0)
RULECHECK GRDG110 ............ TOTAL Result Count = 0 (0)
RULECHECK GRDG260 ............ TOTAL Result Count = 0 (0)
RULECHECK GRDG265a ........... TOTAL Result Count = 0 (0)
RULECHECK GRDG265a1 .......... TOTAL Result Count = 0 (0)
RULECHECK GRDG265b ........... TOTAL Result Count = 0 (0)
RULECHECK GRDG268a ........... TOTAL Result Count = 0 (0)
RULECHECK GRDG268b ........... TOTAL Result Count = 0 (0)
RULECHECK GRTW01 ............. TOTAL Result Count = 0 (0)
RULECHECK GRTW01a ............ TOTAL Result Count = 0 (0)
RULECHECK GRTW02 ............. TOTAL Result Count = 0 (0)
RULECHECK GRTW03_di .......... TOTAL Result Count = 0 (0)
RULECHECK GRTW03_nr .......... TOTAL Result Count = 0 (0)
RULECHECK GRTW03_pr .......... TOTAL Result Count = 0 (0)
RULECHECK GRTW03_rn .......... TOTAL Result Count = 0 (0)
RULECHECK GRTW03a ............ TOTAL Result Count = 0 (0)
RULECHECK GRTW04 ............. TOTAL Result Count = 0 (0)
RULECHECK GRTW05 ............. TOTAL Result Count = 0 (0)
RULECHECK GRTW06 ............. TOTAL Result Count = 0 (0)
RULECHECK GRTW06aR ........... NOT EXECUTED
RULECHECK GRTW10 ............. TOTAL Result Count = 0 (0)
RULECHECK GRTW10a1 ........... TOTAL Result Count = 0 (0)
RULECHECK GRTW10a ............ TOTAL Result Count = 0 (0)
RULECHECK GRTW10b ............ TOTAL Result Count = 0 (0)
RULECHECK GRTW13R ............ NOT EXECUTED
RULECHECK GRTW14R ............ NOT EXECUTED
RULECHECK GRTW15R ............ NOT EXECUTED
RULECHECK GRTW17a ............ TOTAL Result Count = 0 (0)
RULECHECK GRTW18 ............. TOTAL Result Count = 0 (0)
RULECHECK GRTW19 ............. TOTAL Result Count = 0 (0)
RULECHECK GRTW260 ............ TOTAL Result Count = 0 (0)
RULECHECK GRTW260_DSRAM ...... NOT EXECUTED
RULECHECK GRTW260_SRAMDP ..... NOT EXECUTED
RULECHECK GRTW260_SRAMSTD .... NOT EXECUTED
RULECHECK GRTW265 ............ TOTAL Result Count = 0 (0)
RULECHECK GRTW265_DSRAM ...... NOT EXECUTED
RULECHECK GRTW265_SRAMDP ..... NOT EXECUTED
RULECHECK GRTW265_SRAMSTD .... NOT EXECUTED
RULECHECK GRTW265a ........... TOTAL Result Count = 0 (0)
RULECHECK GRTW266 ............ TOTAL Result Count = 0 (0)
RULECHECK GRJD1 .............. TOTAL Result Count = 0 (0)
RULECHECK GRJD2 .............. TOTAL Result Count = 0 (0)
RULECHECK GRJD3 .............. TOTAL Result Count = 0 (0)
RULECHECK GRJD4 .............. TOTAL Result Count = 0 (0)
RULECHECK GRJD4a ............. TOTAL Result Count = 0 (0)
RULECHECK GRJD5 .............. TOTAL Result Count = 0 (0)
RULECHECK GRJD6 .............. TOTAL Result Count = 0 (0)
RULECHECK GRMOSVAR1 .......... TOTAL Result Count = 0 (0)
RULECHECK GRMOSVAR2 .......... TOTAL Result Count = 0 (0)
RULECHECK GRMOSVAR3 .......... TOTAL Result Count = 0 (0)
RULECHECK GRMOSVAR3a ......... TOTAL Result Count = 0 (0)
RULECHECK GRMOSVAR4 .......... TOTAL Result Count = 0 (0)
RULECHECK GRMOSVAR5 .......... TOTAL Result Count = 0 (0)
RULECHECK GRMOSVAR5a ......... TOTAL Result Count = 0 (0)
RULECHECK GRMOSVAR6 .......... TOTAL Result Count = 0 (0)
RULECHECK GRMOSVAR6a ......... TOTAL Result Count = 0 (0)
RULECHECK GRMOSVAR7R ......... NOT EXECUTED
RULECHECK GRMOSVAR8 .......... TOTAL Result Count = 0 (0)
RULECHECK GRNCAP1 ............ TOTAL Result Count = 0 (0)
RULECHECK GRPCAP1 ............ TOTAL Result Count = 0 (0)
RULECHECK GRPCAP2 ............ TOTAL Result Count = 0 (0)
RULECHECK GRVLNPN01 .......... TOTAL Result Count = 0 (0)
RULECHECK GRVLNPN02 .......... TOTAL Result Count = 0 (0)
RULECHECK GRVLNPN03 .......... TOTAL Result Count = 0 (0)
RULECHECK GRVLNPN04 .......... TOTAL Result Count = 0 (0)
RULECHECK GRVLNPN04b ......... TOTAL Result Count = 0 (0)
RULECHECK GRVLNPN05 .......... TOTAL Result Count = 0 (0)
RULECHECK GRVLNPN06 .......... TOTAL Result Count = 0 (0)
RULECHECK GRJC1 .............. TOTAL Result Count = 0 (0)
RULECHECK GRJC2 .............. TOTAL Result Count = 0 (0)
RULECHECK GRJC2a ............. TOTAL Result Count = 0 (0)
RULECHECK GRJC3 .............. TOTAL Result Count = 0 (0)
RULECHECK GRJC4 .............. TOTAL Result Count = 0 (0)
RULECHECK GRJC5 .............. TOTAL Result Count = 0 (0)
RULECHECK GRJC6_as ........... TOTAL Result Count = 0 (0)
RULECHECK GRJC6_dg ........... TOTAL Result Count = 0 (0)
RULECHECK GRJC6_jd ........... TOTAL Result Count = 0 (0)
RULECHECK GRJC6_rr ........... TOTAL Result Count = 0 (0)
RULECHECK GRJC6_rp ........... TOTAL Result Count = 0 (0)
RULECHECK GRJC6_rn ........... TOTAL Result Count = 0 (0)
RULECHECK GRJC6_bb ........... TOTAL Result Count = 0 (0)
RULECHECK GRJC6_nr ........... TOTAL Result Count = 0 (0)
RULECHECK GRJC6_pr ........... TOTAL Result Count = 0 (0)
RULECHECK GRJC6_pd ........... TOTAL Result Count = 0 (0)
RULECHECK GRJC6_op ........... TOTAL Result Count = 0 (0)
RULECHECK GRJC6_pc ........... TOTAL Result Count = 0 (0)
RULECHECK GRJC6_zvt .......... TOTAL Result Count = 0 (0)
RULECHECK GRJC6_mosvar ....... TOTAL Result Count = 0 (0)
RULECHECK GRJC6_bipolar ...... TOTAL Result Count = 0 (0)
RULECHECK GRJC6_schky ........ TOTAL Result Count = 0 (0)
RULECHECK GRJC7 .............. TOTAL Result Count = 0 (0)
RULECHECK GRJC12 ............. TOTAL Result Count = 0 (0)
RULECHECK GRJC13 ............. TOTAL Result Count = 0 (0)
RULECHECK GRJC14 ............. TOTAL Result Count = 0 (0)
RULECHECK GRJC8 .............. TOTAL Result Count = 0 (0)
RULECHECK GRJC9 .............. TOTAL Result Count = 0 (0)
RULECHECK GRJC10 ............. TOTAL Result Count = 0 (0)
RULECHECK GRJC11 ............. TOTAL Result Count = 0 (0)
RULECHECK GRJC15 ............. TOTAL Result Count = 0 (0)
RULECHECK GRJC16 ............. TOTAL Result Count = 0 (0)
RULECHECK GRJC990 ............ TOTAL Result Count = 0 (0)
RULECHECK GRJCPN001 .......... TOTAL Result Count = 0 (0)
RULECHECK GRJS01 ............. TOTAL Result Count = 0 (0)
RULECHECK GRJS02 ............. TOTAL Result Count = 0 (0)
RULECHECK GRJS02a ............ TOTAL Result Count = 0 (0)
RULECHECK GRJS04 ............. TOTAL Result Count = 0 (0)
RULECHECK GRJS05 ............. TOTAL Result Count = 0 (0)
RULECHECK GRJS06 ............. TOTAL Result Count = 0 (0)
RULECHECK GRJS11 ............. TOTAL Result Count = 0 (0)
RULECHECK GRJSPN001 .......... TOTAL Result Count = 0 (0)
RULECHECK GR790 .............. TOTAL Result Count = 0 (0)
RULECHECK GR792 .............. TOTAL Result Count = 0 (0)
RULECHECK GR793 .............. TOTAL Result Count = 0 (0)
RULECHECK GR795 .............. TOTAL Result Count = 0 (0)
RULECHECK GR796 .............. TOTAL Result Count = 0 (0)
RULECHECK GR799_rx ........... TOTAL Result Count = 0 (0)
RULECHECK GR799_pc ........... TOTAL Result Count = 0 (0)
RULECHECK GR799_nw ........... TOTAL Result Count = 0 (0)
RULECHECK GR799_ns ........... TOTAL Result Count = 0 (0)
RULECHECK GR799_bb ........... TOTAL Result Count = 0 (0)
RULECHECK GR799_nr ........... TOTAL Result Count = 0 (0)
RULECHECK GR799_pr ........... TOTAL Result Count = 0 (0)
RULECHECK GR799_pi ........... TOTAL Result Count = 0 (0)
RULECHECK GR799R ............. NOT EXECUTED
RULECHECK GREF01 ............. TOTAL Result Count = 0 (0)
RULECHECK GREF03a ............ TOTAL Result Count = 0 (0)
RULECHECK GREF04 ............. TOTAL Result Count = 0 (0)
RULECHECK GREF05_ca .......... TOTAL Result Count = 0 (0)
RULECHECK GREF05_m1 .......... TOTAL Result Count = 0 (0)
RULECHECK GREF05_pc .......... TOTAL Result Count = 0 (0)
RULECHECK GREF06_vncapm1 ..... TOTAL Result Count = 0 (0)
RULECHECK GREF06_vncapm2 ..... TOTAL Result Count = 0 (0)
RULECHECK GREF06_vncapm3 ..... TOTAL Result Count = 0 (0)
RULECHECK GREF06_vncapm4 ..... TOTAL Result Count = 0 (0)
RULECHECK GREF06_vncapm5 ..... TOTAL Result Count = 0 (0)
RULECHECK GREF06_vncapmt ..... TOTAL Result Count = 0 (0)
RULECHECK GREF06_rx .......... TOTAL Result Count = 0 (0)
RULECHECK GREF06_nw .......... TOTAL Result Count = 0 (0)
RULECHECK GREF06_op .......... TOTAL Result Count = 0 (0)
RULECHECK GREF06_dg .......... TOTAL Result Count = 0 (0)
RULECHECK GREF06_rp .......... TOTAL Result Count = 0 (0)
RULECHECK GREF06_rr .......... TOTAL Result Count = 0 (0)
RULECHECK GREF06_m2 .......... TOTAL Result Count = 0 (0)
RULECHECK GREF06_v1 .......... TOTAL Result Count = 0 (0)
RULECHECK GREF06_bfm ......... TOTAL Result Count = 0 (0)
RULECHECK GREF06_bb .......... TOTAL Result Count = 0 (0)
RULECHECK GREF06_k1 .......... TOTAL Result Count = 0 (0)
RULECHECK GREF06_ns .......... TOTAL Result Count = 0 (0)
RULECHECK GREF06_pi .......... TOTAL Result Count = 0 (0)
RULECHECK GREF06_qt .......... TOTAL Result Count = 0 (0)
RULECHECK GREF06_jd .......... TOTAL Result Count = 0 (0)
RULECHECK GREF07a ............ TOTAL Result Count = 0 (0)
RULECHECK GREF07b ............ TOTAL Result Count = 0 (0)
RULECHECK GREF08 ............. TOTAL Result Count = 0 (0)
RULECHECK GREF08a ............ TOTAL Result Count = 0 (0)
RULECHECK GREF08b ............ TOTAL Result Count = 0 (0)
RULECHECK GREF09 ............. TOTAL Result Count = 0 (0)
RULECHECK GREF10 ............. TOTAL Result Count = 0 (0)
RULECHECK GREF11a ............ TOTAL Result Count = 0 (0)
RULECHECK GREF11b ............ TOTAL Result Count = 0 (0)
RULECHECK GREF12a ............ TOTAL Result Count = 0 (0)
RULECHECK GREF12b ............ TOTAL Result Count = 0 (0)
RULECHECK GREF13 ............. TOTAL Result Count = 0 (0)
RULECHECK GREF14 ............. TOTAL Result Count = 0 (0)
RULECHECK GREF15 ............. TOTAL Result Count = 0 (0)
RULECHECK GREF16_a ........... TOTAL Result Count = 0 (0)
RULECHECK GREF16_c ........... TOTAL Result Count = 0 (0)
RULECHECK GREF17R ............ NOT EXECUTED
RULECHECK GREF18 ............. TOTAL Result Count = 0 (0)
RULECHECK GREF19_bb .......... TOTAL Result Count = 0 (0)
RULECHECK GREF19_dg .......... TOTAL Result Count = 0 (0)
RULECHECK GREF19_nw .......... TOTAL Result Count = 0 (0)
RULECHECK GREF19_mvr ......... TOTAL Result Count = 0 (0)
RULECHECK GREF19_pcr ......... TOTAL Result Count = 0 (0)
RULECHECK GREF19_zvt ......... TOTAL Result Count = 0 (0)
RULECHECK GREF19a ............ TOTAL Result Count = 0 (0)
RULECHECK GREF20_rx .......... TOTAL Result Count = 0 (0)
RULECHECK GREF20_op .......... TOTAL Result Count = 0 (0)
RULECHECK GREF20_pcnf ........ TOTAL Result Count = 0 (0)
RULECHECK GRPHHOLE7 .......... TOTAL Result Count = 0 (0)
RULECHECK GRPHHOLE8 .......... TOTAL Result Count = 0 (0)
RULECHECK GR780 .............. TOTAL Result Count = 0 (0)
RULECHECK GR782 .............. TOTAL Result Count = 0 (0)
RULECHECK GR782_pc ........... TOTAL Result Count = 0 (0)
RULECHECK GR782_rx ........... TOTAL Result Count = 0 (0)
RULECHECK GR782_ca ........... TOTAL Result Count = 0 (0)
RULECHECK GR782_cab .......... TOTAL Result Count = 0 (0)
RULECHECK GR782_bondpad ...... TOTAL Result Count = 0 (0)
RULECHECK GR782_ind .......... TOTAL Result Count = 0 (0)
RULECHECK GR783 .............. TOTAL Result Count = 0 (0)
RULECHECK GR781b ............. TOTAL Result Count = 0 (0)
RULECHECK GRBP2ND1 ........... TOTAL Result Count = 0 (0)
RULECHECK GRBP2ND2_as ........ TOTAL Result Count = 0 (0)
RULECHECK GRBP2ND2_ns ........ TOTAL Result Count = 0 (0)
RULECHECK GRBP2ND2_rn ........ TOTAL Result Count = 0 (0)
RULECHECK GRBP2ND2_nw ........ TOTAL Result Count = 0 (0)
RULECHECK GRBP2ND2_pr ........ TOTAL Result Count = 0 (0)
RULECHECK GRBP2ND2_nr ........ TOTAL Result Count = 0 (0)
RULECHECK GRBP2ND2_dg ........ TOTAL Result Count = 0 (0)
RULECHECK GRBP2ND2_tg ........ TOTAL Result Count = 0 (0)
RULECHECK GRBP2ND2_pc ........ TOTAL Result Count = 0 (0)
RULECHECK GRBP2ND2_jd ........ TOTAL Result Count = 0 (0)
RULECHECK GRBP2ND2_rr ........ TOTAL Result Count = 0 (0)
RULECHECK GRBP2ND2_rp ........ TOTAL Result Count = 0 (0)
RULECHECK GRBP2ND2_op ........ TOTAL Result Count = 0 (0)
RULECHECK GRBP2ND2_zvt ....... TOTAL Result Count = 0 (0)
RULECHECK GRBP2ND2_schky ..... TOTAL Result Count = 0 (0)
RULECHECK GRBP2ND2_grlogic ... TOTAL Result Count = 0 (0)
RULECHECK GRBP2ND3 ........... TOTAL Result Count = 0 (0)
RULECHECK GRBP2ND350 ......... TOTAL Result Count = 0 (0)
RULECHECK GRBP2ND351a ........ TOTAL Result Count = 0 (0)
RULECHECK GRBP2ND351b ........ TOTAL Result Count = 0 (0)
RULECHECK GRBP2ND352a ........ TOTAL Result Count = 0 (0)
RULECHECK GRBP2ND352b ........ TOTAL Result Count = 0 (0)
RULECHECK GRAS11 ............. TOTAL Result Count = 0 (0)
RULECHECK GRAS12 ............. TOTAL Result Count = 0 (0)
RULECHECK GRAS14 ............. TOTAL Result Count = 0 (0)
RULECHECK GRAS15 ............. TOTAL Result Count = 0 (0)
RULECHECK GRAS16 ............. TOTAL Result Count = 0 (0)
RULECHECK GRAS17 ............. TOTAL Result Count = 0 (0)
RULECHECK GRAS18a ............ TOTAL Result Count = 0 (0)
RULECHECK GRAS18b ............ TOTAL Result Count = 0 (0)
RULECHECK GRAS18c ............ TOTAL Result Count = 0 (0)
RULECHECK GRAS18d ............ TOTAL Result Count = 0 (0)
RULECHECK GRAS18e ............ TOTAL Result Count = 0 (0)
RULECHECK GRAS18f ............ TOTAL Result Count = 0 (0)
RULECHECK GRAS18f_tline ...... TOTAL Result Count = 0 (0)
RULECHECK GRAS19a ............ TOTAL Result Count = 0 (0)
RULECHECK GRAS19b ............ TOTAL Result Count = 0 (0)
RULECHECK GRAS20_or .......... TOTAL Result Count = 0 (0)
RULECHECK GRAS21_or .......... TOTAL Result Count = 0 (0)
RULECHECK GRAS22a ............ TOTAL Result Count = 0 (0)
RULECHECK GRAS22b ............ TOTAL Result Count = 0 (0)
RULECHECK GRAS22c ............ TOTAL Result Count = 0 (0)
RULECHECK GRAS22d ............ TOTAL Result Count = 0 (0)
RULECHECK GRAS22e ............ TOTAL Result Count = 0 (0)
RULECHECK GRAS22f ............ TOTAL Result Count = 0 (0)
RULECHECK GRAS104 ............ TOTAL Result Count = 0 (0)
RULECHECK GRAS353 ............ TOTAL Result Count = 0 (0)
RULECHECK GRAS355 ............ TOTAL Result Count = 0 (0)
RULECHECK GRAS357 ............ TOTAL Result Count = 0 (0)
RULECHECK GRAS370 ............ TOTAL Result Count = 0 (0)
RULECHECK GRAS371 ............ TOTAL Result Count = 0 (0)
RULECHECK GRAS990 ............ TOTAL Result Count = 0 (0)
RULECHECK GRASPN001 .......... TOTAL Result Count = 0 (0)
RULECHECK GRA500b ............ TOTAL Result Count = 0 (0)
RULECHECK GRA501d ............ TOTAL Result Count = 0 (0)
RULECHECK GRA504a ............ TOTAL Result Count = 0 (0)
RULECHECK GRA504b ............ TOTAL Result Count = 0 (0)
RULECHECK GRA504c ............ TOTAL Result Count = 0 (0)
RULECHECK GRA504d ............ TOTAL Result Count = 0 (0)
RULECHECK GRDM001 ............ TOTAL Result Count = 0 (0)
RULECHECK GRDM002 ............ TOTAL Result Count = 0 (0)
RULECHECK GRDM002bR .......... NOT EXECUTED
RULECHECK GRDM003 ............ TOTAL Result Count = 0 (0)
RULECHECK GRDMPN001 .......... TOTAL Result Count = 0 (0)
RULECHECK GRBONDPAD1 ......... TOTAL Result Count = 0 (0)
RULECHECK GRBONDPAD3 ......... TOTAL Result Count = 0 (0)
RULECHECK GRBONDPAD4_nw ...... TOTAL Result Count = 0 (0)
RULECHECK GRBONDPAD4_bp ...... TOTAL Result Count = 0 (0)
RULECHECK GRBONDPAD4_m1 ...... TOTAL Result Count = 0 (0)
RULECHECK GRBONDPAD4_m2 ...... TOTAL Result Count = 0 (0)
RULECHECK GRBONDPAD4_m3 ...... TOTAL Result Count = 0 (0)
RULECHECK GRBONDPAD4_m4 ...... TOTAL Result Count = 0 (0)
RULECHECK GRBONDPAD4_m5 ...... TOTAL Result Count = 0 (0)
RULECHECK GRBONDPAD4_mt ...... TOTAL Result Count = 0 (0)
RULECHECK GRBONDPAD4_k1 ...... TOTAL Result Count = 0 (0)
RULECHECK GRBONDPAD4_e1 ...... TOTAL Result Count = 0 (0)
RULECHECK GRBONDPAD4_ns ...... TOTAL Result Count = 0 (0)
RULECHECK GRBONDPAD4_rx ...... TOTAL Result Count = 0 (0)
RULECHECK GRBONDPAD4_pc ...... TOTAL Result Count = 0 (0)
RULECHECK GRLEG_NOCS01 ....... TOTAL Result Count = 0 (0)
RULECHECK GRLEG_NOCS02 ....... TOTAL Result Count = 0 (0)
RULECHECK GRRL01 ............. TOTAL Result Count = 0 (0)
RULECHECK GRRL03 ............. TOTAL Result Count = 0 (0)
RULECHECK GRDIPI00 ........... TOTAL Result Count = 0 (0)
RULECHECK GRDIPI00a .......... TOTAL Result Count = 0 (0)
RULECHECK GRDIPI00c .......... TOTAL Result Count = 0 (0)
RULECHECK GRDIPI00d .......... TOTAL Result Count = 0 (0)
RULECHECK GRDIPI00e .......... TOTAL Result Count = 0 (0)
RULECHECK GRDIPI00f .......... TOTAL Result Count = 0 (0)
RULECHECK GRDIPI00g .......... TOTAL Result Count = 0 (0)
RULECHECK GRDIPI01 ........... TOTAL Result Count = 0 (0)
RULECHECK GRDIPI01b .......... TOTAL Result Count = 0 (0)
RULECHECK GRDIPI02b .......... TOTAL Result Count = 0 (0)
RULECHECK GRDIPI02c .......... TOTAL Result Count = 0 (0)
RULECHECK GRDIPI03 ........... TOTAL Result Count = 0 (0)
RULECHECK GRDIPI05 ........... TOTAL Result Count = 0 (0)
RULECHECK GRDIPI5a ........... TOTAL Result Count = 0 (0)
RULECHECK GRDIPI07 ........... TOTAL Result Count = 0 (0)
RULECHECK GRDIPI07b .......... TOTAL Result Count = 0 (0)
RULECHECK GRDIPI08 ........... TOTAL Result Count = 0 (0)
RULECHECK GRDIPI09 ........... TOTAL Result Count = 0 (0)
RULECHECK INFO_PASSIVATION ... TOTAL Result Count = 0 (0)
RULECHECK GRS1 ............... TOTAL Result Count = 0 (0)
RULECHECK GRS1_am ............ TOTAL Result Count = 0 (0)
RULECHECK GRS1_bb ............ TOTAL Result Count = 0 (0)
RULECHECK GRS1_bfmoat ........ TOTAL Result Count = 0 (0)
RULECHECK GRS1_bp ............ TOTAL Result Count = 0 (0)
RULECHECK GRS1_ca ............ TOTAL Result Count = 0 (0)
RULECHECK GRS1_cabar ......... TOTAL Result Count = 0 (0)
RULECHECK GRS1_dg ............ TOTAL Result Count = 0 (0)
RULECHECK GRS1_dv ............ TOTAL Result Count = 0 (0)
RULECHECK GRS1_e1 ............ TOTAL Result Count = 0 (0)
RULECHECK GRS1_e1coil ........ TOTAL Result Count = 0 (0)
RULECHECK GRS1_e2 ............ TOTAL Result Count = 0 (0)
RULECHECK GRS1_ft ............ TOTAL Result Count = 0 (0)
RULECHECK GRS1_ftbar ......... TOTAL Result Count = 0 (0)
RULECHECK GRS1_ht ............ TOTAL Result Count = 0 (0)
RULECHECK GRS1_k1 ............ TOTAL Result Count = 0 (0)
RULECHECK GRS1_lv ............ TOTAL Result Count = 0 (0)
RULECHECK GRS1_m1 ............ TOTAL Result Count = 0 (0)
RULECHECK GRS1_m2 ............ TOTAL Result Count = 0 (0)
RULECHECK GRS1_m3 ............ TOTAL Result Count = 0 (0)
RULECHECK GRS1_m4 ............ TOTAL Result Count = 0 (0)
RULECHECK GRS1_m5 ............ TOTAL Result Count = 0 (0)
RULECHECK GRS1_ma ............ TOTAL Result Count = 0 (0)
RULECHECK GRS1_mt ............ TOTAL Result Count = 0 (0)
RULECHECK GRS1_nw ............ TOTAL Result Count = 0 (0)
RULECHECK GRS1_op ............ TOTAL Result Count = 0 (0)
RULECHECK GRS1_pc ............ TOTAL Result Count = 0 (0)
RULECHECK GRS1_pcfuse ........ TOTAL Result Count = 0 (0)
RULECHECK GRS1_pcing ......... TOTAL Result Count = 0 (0)
RULECHECK GRS1_pd ............ TOTAL Result Count = 0 (0)
RULECHECK GRS1_qt ............ TOTAL Result Count = 0 (0)
RULECHECK GRS1_ns ............ TOTAL Result Count = 0 (0)
RULECHECK GRS1_rr ............ TOTAL Result Count = 0 (0)
RULECHECK GRS1_rp ............ TOTAL Result Count = 0 (0)
RULECHECK GRS1_rn ............ TOTAL Result Count = 0 (0)
RULECHECK GRS1_zvt ........... TOTAL Result Count = 0 (0)
RULECHECK GRS1_rx ............ TOTAL Result Count = 0 (0)
RULECHECK GRS1_v1 ............ TOTAL Result Count = 0 (0)
RULECHECK GRS1_v1bar ......... TOTAL Result Count = 0 (0)
RULECHECK GRS1_v2 ............ TOTAL Result Count = 0 (0)
RULECHECK GRS1_v2bar ......... TOTAL Result Count = 0 (0)
RULECHECK GRS1_v3 ............ TOTAL Result Count = 0 (0)
RULECHECK GRS1_v3bar ......... TOTAL Result Count = 0 (0)
RULECHECK GRS1_v4 ............ TOTAL Result Count = 0 (0)
RULECHECK GRS1_v4bar ......... TOTAL Result Count = 0 (0)
RULECHECK GRS1_v5 ............ TOTAL Result Count = 0 (0)
RULECHECK GRS1_v5bar ......... TOTAL Result Count = 0 (0)
RULECHECK GRS1_logobnd ....... TOTAL Result Count = 0 (0)
RULECHECK GRS1_paddev ........ TOTAL Result Count = 0 (0)
RULECHECK GRS1_as ............ TOTAL Result Count = 0 (0)
RULECHECK GRS1_mos ........... TOTAL Result Count = 0 (0)
RULECHECK GRS1_cap ........... TOTAL Result Count = 0 (0)
RULECHECK GRS1_lvd ........... TOTAL Result Count = 0 (0)
RULECHECK GRS1_ami ........... TOTAL Result Count = 0 (0)
RULECHECK GRS2_bb ............ TOTAL Result Count = 0 (0)
RULECHECK GRS2_k1 ............ TOTAL Result Count = 0 (0)
RULECHECK GRS2_pi ............ TOTAL Result Count = 0 (0)
RULECHECK GRS2_jc ............ TOTAL Result Count = 0 (0)
RULECHECK GRS2_m1 ............ TOTAL Result Count = 0 (0)
RULECHECK GRS2_m2 ............ TOTAL Result Count = 0 (0)
RULECHECK GRS2_m3 ............ TOTAL Result Count = 0 (0)
RULECHECK GRS2_m4 ............ TOTAL Result Count = 0 (0)
RULECHECK GRS2_m5 ............ TOTAL Result Count = 0 (0)
RULECHECK GRS2_am ............ TOTAL Result Count = 0 (0)
RULECHECK GRS2_ml ............ TOTAL Result Count = 0 (0)
RULECHECK GRS2_ma ............ TOTAL Result Count = 0 (0)
RULECHECK GRS2_v1 ............ TOTAL Result Count = 0 (0)
RULECHECK GRS2_v1b ........... TOTAL Result Count = 0 (0)
RULECHECK GRS2_v2 ............ TOTAL Result Count = 0 (0)
RULECHECK GRS2_v2b ........... TOTAL Result Count = 0 (0)
RULECHECK GRS2_v3 ............ TOTAL Result Count = 0 (0)
RULECHECK GRS2_v3b ........... TOTAL Result Count = 0 (0)
RULECHECK GRS2_v4 ............ TOTAL Result Count = 0 (0)
RULECHECK GRS2_v4b ........... TOTAL Result Count = 0 (0)
RULECHECK GRS2_v5 ............ TOTAL Result Count = 0 (0)
RULECHECK GRS2_v5b ........... TOTAL Result Count = 0 (0)
RULECHECK GRS2_rx ............ TOTAL Result Count = 0 (0)
RULECHECK GRS2_ns ............ TOTAL Result Count = 0 (0)
RULECHECK GRS2_rn ............ TOTAL Result Count = 0 (0)
RULECHECK GRS2_nw ............ TOTAL Result Count = 0 (0)
RULECHECK GRS2_nwasp ......... TOTAL Result Count = 0 (0)
RULECHECK GRS2_dg ............ TOTAL Result Count = 0 (0)
RULECHECK GRS2_pc ............ TOTAL Result Count = 0 (0)
RULECHECK GRS2_pcf ........... TOTAL Result Count = 0 (0)
RULECHECK GRS2_pci ........... TOTAL Result Count = 0 (0)
RULECHECK GRS2_bp ............ TOTAL Result Count = 0 (0)
RULECHECK GRS2_as ............ TOTAL Result Count = 0 (0)
RULECHECK GRS2_rr ............ TOTAL Result Count = 0 (0)
RULECHECK GRS2_pd ............ TOTAL Result Count = 0 (0)
RULECHECK GRS2_zv ............ TOTAL Result Count = 0 (0)
RULECHECK GRS2_op ............ TOTAL Result Count = 0 (0)
RULECHECK GRS2_ca ............ TOTAL Result Count = 0 (0)
RULECHECK GRS2_cab ........... TOTAL Result Count = 0 (0)
RULECHECK GRS2_mt ............ TOTAL Result Count = 0 (0)
RULECHECK GRS2_ft ............ TOTAL Result Count = 0 (0)
RULECHECK GRS2_e1 ............ TOTAL Result Count = 0 (0)
RULECHECK GRS2_e2 ............ TOTAL Result Count = 0 (0)
RULECHECK GRS2_qt ............ TOTAL Result Count = 0 (0)
RULECHECK GRS2_ht ............ TOTAL Result Count = 0 (0)
RULECHECK GRS2_ami ........... TOTAL Result Count = 0 (0)
RULECHECK GRS2_dv ............ TOTAL Result Count = 0 (0)
RULECHECK GRS2_lv ............ TOTAL Result Count = 0 (0)
RULECHECK GRS2_lvd ........... TOTAL Result Count = 0 (0)
RULECHECK GRS2_mos ........... TOTAL Result Count = 0 (0)
RULECHECK GRS2_bfm ........... TOTAL Result Count = 0 (0)
RULECHECK GRS2_ind ........... TOTAL Result Count = 0 (0)
RULECHECK GRS2_pad ........... TOTAL Result Count = 0 (0)
RULECHECK GRS2_ch ............ TOTAL Result Count = 0 (0)
RULECHECK GRS2_di ............ TOTAL Result Count = 0 (0)
RULECHECK GRS2_lg ............ TOTAL Result Count = 0 (0)
RULECHECK GRS6_bb ............ TOTAL Result Count = 0 (0)
RULECHECK GRS6_k1 ............ TOTAL Result Count = 0 (0)
RULECHECK GRS6_pi ............ TOTAL Result Count = 0 (0)
RULECHECK GRS6_jc ............ TOTAL Result Count = 0 (0)
RULECHECK GRS6_m1 ............ TOTAL Result Count = 0 (0)
RULECHECK GRS6_m2 ............ TOTAL Result Count = 0 (0)
RULECHECK GRS6_m3 ............ TOTAL Result Count = 0 (0)
RULECHECK GRS6_m4 ............ TOTAL Result Count = 0 (0)
RULECHECK GRS6_m5 ............ TOTAL Result Count = 0 (0)
RULECHECK GRS6_am ............ TOTAL Result Count = 0 (0)
RULECHECK GRS6_ml ............ TOTAL Result Count = 0 (0)
RULECHECK GRS6_ma ............ TOTAL Result Count = 0 (0)
RULECHECK GRS6_v1 ............ TOTAL Result Count = 0 (0)
RULECHECK GRS6_v1b ........... TOTAL Result Count = 0 (0)
RULECHECK GRS6_v2 ............ TOTAL Result Count = 0 (0)
RULECHECK GRS6_v2b ........... TOTAL Result Count = 0 (0)
RULECHECK GRS6_v3 ............ TOTAL Result Count = 0 (0)
RULECHECK GRS6_v3b ........... TOTAL Result Count = 0 (0)
RULECHECK GRS6_v4 ............ TOTAL Result Count = 0 (0)
RULECHECK GRS6_v4b ........... TOTAL Result Count = 0 (0)
RULECHECK GRS6_v5 ............ TOTAL Result Count = 0 (0)
RULECHECK GRS6_v5b ........... TOTAL Result Count = 0 (0)
RULECHECK GRS6_rx ............ TOTAL Result Count = 0 (0)
RULECHECK GRS6_ns ............ TOTAL Result Count = 0 (0)
RULECHECK GRS6_rn ............ TOTAL Result Count = 0 (0)
RULECHECK GRS6_nw ............ TOTAL Result Count = 0 (0)
RULECHECK GRS6_nwasp ......... TOTAL Result Count = 0 (0)
RULECHECK GRS6_dg ............ TOTAL Result Count = 0 (0)
RULECHECK GRS6_pc ............ TOTAL Result Count = 0 (0)
RULECHECK GRS6_pcf ........... TOTAL Result Count = 0 (0)
RULECHECK GRS6_pci ........... TOTAL Result Count = 0 (0)
RULECHECK GRS6_bp ............ TOTAL Result Count = 0 (0)
RULECHECK GRS6_as ............ TOTAL Result Count = 0 (0)
RULECHECK GRS6_rr ............ TOTAL Result Count = 0 (0)
RULECHECK GRS6_pd ............ TOTAL Result Count = 0 (0)
RULECHECK GRS6_zv ............ TOTAL Result Count = 0 (0)
RULECHECK GRS6_op ............ TOTAL Result Count = 0 (0)
RULECHECK GRS6_ca ............ TOTAL Result Count = 0 (0)
RULECHECK GRS6_cab ........... TOTAL Result Count = 0 (0)
RULECHECK GRS6_mt ............ TOTAL Result Count = 0 (0)
RULECHECK GRS6_ft ............ TOTAL Result Count = 0 (0)
RULECHECK GRS6_e1 ............ TOTAL Result Count = 0 (0)
RULECHECK GRS6_e1coil ........ TOTAL Result Count = 0 (0)
RULECHECK GRS6_e2 ............ TOTAL Result Count = 0 (0)
RULECHECK GRS6_qt ............ TOTAL Result Count = 0 (0)
RULECHECK GRS6_ht ............ TOTAL Result Count = 0 (0)
RULECHECK GRS6_ami ........... TOTAL Result Count = 0 (0)
RULECHECK GRS6_dv ............ TOTAL Result Count = 0 (0)
RULECHECK GRS6_lv ............ TOTAL Result Count = 0 (0)
RULECHECK GRS6_lvd ........... TOTAL Result Count = 0 (0)
RULECHECK GRS6_mos ........... TOTAL Result Count = 0 (0)
RULECHECK GRS6_bfm ........... TOTAL Result Count = 0 (0)
RULECHECK GRS6_ind ........... TOTAL Result Count = 0 (0)
RULECHECK GRS6_pad ........... TOTAL Result Count = 0 (0)
RULECHECK GRS6_ch ............ TOTAL Result Count = 0 (0)
RULECHECK GRS6_di ............ TOTAL Result Count = 0 (0)
RULECHECK GRS6_lg ............ TOTAL Result Count = 0 (0)
RULECHECK GRS10_as ........... TOTAL Result Count = 0 (0)
RULECHECK GRS10_bp ........... TOTAL Result Count = 0 (0)
RULECHECK GRS10_ca ........... TOTAL Result Count = 0 (0)
RULECHECK GRS10_dg ........... TOTAL Result Count = 0 (0)
RULECHECK GRS10_e1 ........... TOTAL Result Count = 0 (0)
RULECHECK GRS10_ht ........... TOTAL Result Count = 0 (0)
RULECHECK GRS10_qt ........... TOTAL Result Count = 0 (0)
RULECHECK GRS10_ft ........... TOTAL Result Count = 0 (0)
RULECHECK GRS10_m1 ........... TOTAL Result Count = 0 (0)
RULECHECK GRS10_m2 ........... TOTAL Result Count = 0 (0)
RULECHECK GRS10_m3 ........... TOTAL Result Count = 0 (0)
RULECHECK GRS10_m4 ........... TOTAL Result Count = 0 (0)
RULECHECK GRS10_m5 ........... TOTAL Result Count = 0 (0)
RULECHECK GRS10_mt ........... TOTAL Result Count = 0 (0)
RULECHECK GRS10_am ........... TOTAL Result Count = 0 (0)
RULECHECK GRS10_ml ........... TOTAL Result Count = 0 (0)
RULECHECK GRS10_ma ........... TOTAL Result Count = 0 (0)
RULECHECK GRS10_nw ........... TOTAL Result Count = 0 (0)
RULECHECK GRS10_op ........... TOTAL Result Count = 0 (0)
RULECHECK GRS10_pc ........... TOTAL Result Count = 0 (0)
RULECHECK GRS10_rx ........... TOTAL Result Count = 0 (0)
RULECHECK GRS10_v1 ........... TOTAL Result Count = 0 (0)
RULECHECK GRS10_v2 ........... TOTAL Result Count = 0 (0)
RULECHECK GRS10_v3 ........... TOTAL Result Count = 0 (0)
RULECHECK GRS10_v4 ........... TOTAL Result Count = 0 (0)
RULECHECK GRS10_v5 ........... TOTAL Result Count = 0 (0)
RULECHECK GRS10_ns ........... TOTAL Result Count = 0 (0)
RULECHECK GRS10_rn ........... TOTAL Result Count = 0 (0)
RULECHECK GRS10_pi ........... TOTAL Result Count = 0 (0)
RULECHECK GRS10_pr ........... TOTAL Result Count = 0 (0)
RULECHECK GRS10_nr ........... TOTAL Result Count = 0 (0)
RULECHECK GRS10_bb ........... TOTAL Result Count = 0 (0)
RULECHECK GRS10_pcing ........ TOTAL Result Count = 0 (0)
RULECHECK GRS10_pcfuse ....... TOTAL Result Count = 0 (0)
RULECHECK GRS10_jd ........... TOTAL Result Count = 0 (0)
RULECHECK GRS10_rr ........... TOTAL Result Count = 0 (0)
RULECHECK GRS10_rp ........... TOTAL Result Count = 0 (0)
RULECHECK GRS10_bn ........... TOTAL Result Count = 0 (0)
RULECHECK GRS10_k1 ........... TOTAL Result Count = 0 (0)
RULECHECK GRS10_e2 ........... TOTAL Result Count = 0 (0)
RULECHECK GRS10_dv ........... TOTAL Result Count = 0 (0)
RULECHECK GRS10_lv ........... TOTAL Result Count = 0 (0)
RULECHECK GRS10_IND_FILT ..... TOTAL Result Count = 0 (0)
RULECHECK GRS10_bf ........... TOTAL Result Count = 0 (0)
RULECHECK GRS10_bh ........... TOTAL Result Count = 0 (0)
RULECHECK GRS10_de ........... TOTAL Result Count = 0 (0)
RULECHECK GRS10_ph ........... TOTAL Result Count = 0 (0)
RULECHECK GRVNCAP1 ........... TOTAL Result Count = 0 (0)
RULECHECK GRVNCAP2 ........... TOTAL Result Count = 0 (0)
RULECHECK GRVNCAP3 ........... TOTAL Result Count = 0 (0)
RULECHECK GRVNCAP3_MT ........ TOTAL Result Count = 0 (0)
RULECHECK GRVNCAP3a .......... TOTAL Result Count = 0 (0)
RULECHECK GRVNCAP4a .......... TOTAL Result Count = 0 (0)
RULECHECK GRVNCAP4b .......... TOTAL Result Count = 0 (0)
RULECHECK GRVNCAP6a .......... TOTAL Result Count = 0 (0)
RULECHECK GRVNCAP8a .......... TOTAL Result Count = 0 (0)
RULECHECK GRVNCAP8b .......... TOTAL Result Count = 0 (0)
RULECHECK GRVNCAP9a .......... TOTAL Result Count = 0 (0)
RULECHECK GRVNCAP9b .......... TOTAL Result Count = 0 (0)
RULECHECK GRVNCAP10 .......... TOTAL Result Count = 0 (0)
RULECHECK GRVNCAP10_tline .... TOTAL Result Count = 0 (0)
RULECHECK GRVNCAP11b ......... TOTAL Result Count = 0 (0)
RULECHECK GRVNCAP12 .......... TOTAL Result Count = 0 (0)
RULECHECK GRVNCAP13 .......... TOTAL Result Count = 0 (0)
RULECHECK GRVNCAP15 .......... TOTAL Result Count = 0 (0)
RULECHECK GRVNCPM1 ........... TOTAL Result Count = 0 (0)
RULECHECK GRVNCPM2 ........... TOTAL Result Count = 0 (0)
RULECHECK GR267 .............. TOTAL Result Count = 0 (0)
RULECHECK GRTW267 ............ TOTAL Result Count = 0 (0)
RULECHECK GR130a ............. TOTAL Result Count = 0 (0)
RULECHECK GR131c ............. TOTAL Result Count = 0 (0)
RULECHECK GR131_ana .......... TOTAL Result Count = 0 (0)
RULECHECK GR131_m1 ........... TOTAL Result Count = 0 (0)
RULECHECK GR131a_v1 .......... TOTAL Result Count = 0 (0)
RULECHECK GR131b_v1 .......... TOTAL Result Count = 0 (0)
RULECHECK GR131_m2 ........... TOTAL Result Count = 0 (0)
RULECHECK GR131a_v2 .......... TOTAL Result Count = 0 (0)
RULECHECK GR131b_v2 .......... TOTAL Result Count = 0 (0)
RULECHECK GR131_m3 ........... TOTAL Result Count = 0 (0)
RULECHECK GR131a_v3 .......... TOTAL Result Count = 0 (0)
RULECHECK GR131b_v3 .......... TOTAL Result Count = 0 (0)
RULECHECK GR131_m4 ........... TOTAL Result Count = 0 (0)
RULECHECK GR131a_v4 .......... TOTAL Result Count = 0 (0)
RULECHECK GR131b_v4 .......... TOTAL Result Count = 0 (0)
RULECHECK GR131_m5 ........... TOTAL Result Count = 0 (0)
RULECHECK GR131a_v5 .......... TOTAL Result Count = 0 (0)
RULECHECK GR131b_v5 .......... TOTAL Result Count = 0 (0)
RULECHECK GR131_mt ........... TOTAL Result Count = 0 (0)
RULECHECK GR131_dig .......... TOTAL Result Count = 0 (0)
RULECHECK GR131a_ft .......... TOTAL Result Count = 0 (0)
RULECHECK GR131b_ft .......... TOTAL Result Count = 0 (0)
RULECHECK GR131_top .......... TOTAL Result Count = 0 (0)
RULECHECK GR594_m1 ........... TOTAL Result Count = 0 (0)
RULECHECK GR595_m1 ........... TOTAL Result Count = 0 (0)
RULECHECK GR908 .............. TOTAL Result Count = 0 (0)
RULECHECK GR604eR_M2 ......... NOT EXECUTED
RULECHECK GR604eR_M3 ......... NOT EXECUTED
RULECHECK GR604eR_M4 ......... NOT EXECUTED
RULECHECK GR604eR_MT ......... NOT EXECUTED
RULECHECK GRQCAP24_MT ........ TOTAL Result Count = 0 (0)
RULECHECK GRQCAP24_QT ........ TOTAL Result Count = 0 (0)
RULECHECK GRQCAP24_HT ........ TOTAL Result Count = 0 (0)
RULECHECK GREPDL_RX_min ...... NOT EXECUTED
RULECHECK GR40a .............. NOT EXECUTED
RULECHECK GREPDL_PC_minR ..... NOT EXECUTED
RULECHECK GR214 .............. NOT EXECUTED
RULECHECK GRPD4b ............. NOT EXECUTED
RULECHECK GREPDLb8_M1 ........ NOT EXECUTED
RULECHECK GREPDLa1_M1 ........ NOT EXECUTED
RULECHECK GREPDLa5_M1 ........ NOT EXECUTED
RULECHECK GREPDLb10_M2 ....... NOT EXECUTED
RULECHECK GREPDLa1_M2 ........ NOT EXECUTED
RULECHECK GREPDLa5_M2 ........ NOT EXECUTED
RULECHECK GRPDR3_M2 .......... NOT EXECUTED
RULECHECK GRPDR4_M2 .......... NOT EXECUTED
RULECHECK GREPDLb10_M3 ....... NOT EXECUTED
RULECHECK GREPDLa1_M3 ........ NOT EXECUTED
RULECHECK GREPDLa5_M3 ........ NOT EXECUTED
RULECHECK GRPDR3_M3 .......... NOT EXECUTED
RULECHECK GRPDR4_M3 .......... NOT EXECUTED
RULECHECK GREPDLb10_M4 ....... NOT EXECUTED
RULECHECK GREPDLa1_M4 ........ NOT EXECUTED
RULECHECK GREPDLa5_M4 ........ NOT EXECUTED
RULECHECK GRPDR3_M4 .......... NOT EXECUTED
RULECHECK GRPDR4_M4 .......... NOT EXECUTED
RULECHECK GREPDLb10_M5 ....... NOT EXECUTED
RULECHECK GREPDLa1_M5 ........ NOT EXECUTED
RULECHECK GREPDLa5_M5 ........ NOT EXECUTED
RULECHECK GRPDR3_M5 .......... NOT EXECUTED
RULECHECK GREPDLb10_MT ....... NOT EXECUTED
RULECHECK GREPDLa1_MT ........ NOT EXECUTED
RULECHECK GREPDLa5_MT ........ NOT EXECUTED
RULECHECK GRTG0 .............. TOTAL Result Count = 0 (0)
RULECHECK GRTGSC0 ............ TOTAL Result Count = 0 (0)
RULECHECK GRTGSC0a ........... TOTAL Result Count = 0 (0)
RULECHECK GRTG1 .............. TOTAL Result Count = 0 (0)
RULECHECK GRTGSC2 ............ TOTAL Result Count = 0 (0)
RULECHECK GRTGSC2a ........... TOTAL Result Count = 0 (0)
RULECHECK GRTGSC2b ........... TOTAL Result Count = 0 (0)
RULECHECK GRTGSC2c ........... TOTAL Result Count = 0 (0)
RULECHECK GRTG3 .............. TOTAL Result Count = 0 (0)
RULECHECK GRTG4 .............. TOTAL Result Count = 0 (0)
RULECHECK GRTG5 .............. TOTAL Result Count = 0 (0)
RULECHECK GRTG6 .............. TOTAL Result Count = 0 (0)
RULECHECK GRTG7 .............. TOTAL Result Count = 0 (0)
RULECHECK GRTGSC7 ............ TOTAL Result Count = 0 (0)
RULECHECK GRTG8 .............. TOTAL Result Count = 0 (0)
RULECHECK GRTG8a ............. TOTAL Result Count = 0 (0)
RULECHECK GRTG9 .............. TOTAL Result Count = 0 (0)
RULECHECK GRTG10 ............. TOTAL Result Count = 0 (0)
RULECHECK GRTG11 ............. TOTAL Result Count = 0 (0)
RULECHECK GRTG12 ............. TOTAL Result Count = 0 (0)
RULECHECK GRTG13 ............. TOTAL Result Count = 0 (0)
RULECHECK GRTG14 ............. TOTAL Result Count = 0 (0)
RULECHECK GRTG15 ............. TOTAL Result Count = 0 (0)
RULECHECK GRTG16 ............. TOTAL Result Count = 0 (0)
RULECHECK GRTG17 ............. TOTAL Result Count = 0 (0)
RULECHECK GRTG18 ............. TOTAL Result Count = 0 (0)
RULECHECK GRTGSC18 ........... TOTAL Result Count = 0 (0)
RULECHECK GRTG18R ............ NOT EXECUTED
RULECHECK GRTG19 ............. TOTAL Result Count = 0 (0)
RULECHECK GRTG20 ............. TOTAL Result Count = 0 (0)
RULECHECK GRTG21 ............. TOTAL Result Count = 0 (0)
RULECHECK GRTG22 ............. TOTAL Result Count = 0 (0)
RULECHECK GRTG50 ............. TOTAL Result Count = 0 (0)
RULECHECK GRTG52 ............. TOTAL Result Count = 0 (0)
RULECHECK GRTG104a ........... TOTAL Result Count = 0 (0)
RULECHECK GRTG104b ........... TOTAL Result Count = 0 (0)
RULECHECK GRTG110 ............ TOTAL Result Count = 0 (0)
RULECHECK GRTG111 ............ TOTAL Result Count = 0 (0)
RULECHECK GRTG207 ............ TOTAL Result Count = 0 (0)
RULECHECK GRTG250 ............ TOTAL Result Count = 0 (0)
RULECHECK GRTG252 ............ TOTAL Result Count = 0 (0)
RULECHECK GRTG252a ........... TOTAL Result Count = 0 (0)
RULECHECK GRTG260a1 .......... TOTAL Result Count = 0 (0)
RULECHECK GRTG260a2 .......... TOTAL Result Count = 0 (0)
RULECHECK GRTG260c1 .......... TOTAL Result Count = 0 (0)
RULECHECK GRTG260c2 .......... TOTAL Result Count = 0 (0)
RULECHECK GRTG265a1 .......... TOTAL Result Count = 0 (0)
RULECHECK GRTG265a1R ......... NOT EXECUTED
RULECHECK GRTG265a2 .......... TOTAL Result Count = 0 (0)
RULECHECK GRTG265c1 .......... TOTAL Result Count = 0 (0)
RULECHECK GRTG265c2 .......... TOTAL Result Count = 0 (0)
RULECHECK GRTG265e1 .......... TOTAL Result Count = 0 (0)
RULECHECK GRTG268a ........... TOTAL Result Count = 0 (0)
RULECHECK GRTG268b ........... TOTAL Result Count = 0 (0)
RULECHECK GRTG353 ............ TOTAL Result Count = 0 (0)
RULECHECK GRTG354b ........... TOTAL Result Count = 0 (0)
RULECHECK GRTG356b ........... TOTAL Result Count = 0 (0)
RULECHECK GRTG358a_te ........ TOTAL Result Count = 0 (0)
RULECHECK GRTG358a_tf ........ TOTAL Result Count = 0 (0)
RULECHECK GRTG358a_nv ........ TOTAL Result Count = 0 (0)
RULECHECK GRTG358a_pv ........ TOTAL Result Count = 0 (0)
RULECHECK GRTG358b_te ........ TOTAL Result Count = 0 (0)
RULECHECK GRTG358b_tf ........ TOTAL Result Count = 0 (0)
RULECHECK GRTG358b_nv ........ TOTAL Result Count = 0 (0)
RULECHECK GRTG358b_pv ........ TOTAL Result Count = 0 (0)
RULECHECK GRTG358c_tg ........ TOTAL Result Count = 0 (0)
RULECHECK GRTG358c_te ........ TOTAL Result Count = 0 (0)
RULECHECK GRTG358c_tf ........ TOTAL Result Count = 0 (0)
RULECHECK GRTG358c_nv ........ TOTAL Result Count = 0 (0)
RULECHECK GRTG358c_pv ........ TOTAL Result Count = 0 (0)
RULECHECK GRTG358d_tg ........ TOTAL Result Count = 0 (0)
RULECHECK GRTG358d_te ........ TOTAL Result Count = 0 (0)
RULECHECK GRTG358d_tf ........ TOTAL Result Count = 0 (0)
RULECHECK GRTG358d_nv ........ TOTAL Result Count = 0 (0)
RULECHECK GRTG358d_pv ........ TOTAL Result Count = 0 (0)
RULECHECK GRTGLUP09aR ........ NOT EXECUTED
RULECHECK GRTGLUP09TWR ....... NOT EXECUTED
RULECHECK GRTGLUP10aR ........ NOT EXECUTED
RULECHECK GR5VONLY01 ......... TOTAL Result Count = 0 (0)
RULECHECK GR5VONLY02 ......... TOTAL Result Count = 0 (0)
RULECHECK GRPLYONCRK1 ........ TOTAL Result Count = 0 (0)
RULECHECK GRPLYONCRK2 ........ TOTAL Result Count = 0 (0)
RULECHECK GRTG267 ............ TOTAL Result Count = 0 (0)
RULECHECK GRTG131c ........... TOTAL Result Count = 0 (0)
RULECHECK GRTG131_RF_m1 ...... TOTAL Result Count = 0 (0)
RULECHECK GRTG131a_v1 ........ TOTAL Result Count = 0 (0)
RULECHECK GRTG131_RF_m2 ...... TOTAL Result Count = 0 (0)
RULECHECK GRTG131a_v2 ........ TOTAL Result Count = 0 (0)
RULECHECK GRTG131_RF_m3 ...... TOTAL Result Count = 0 (0)
RULECHECK GRTG131a_v3 ........ TOTAL Result Count = 0 (0)
RULECHECK GRTG131_RF_m4 ...... TOTAL Result Count = 0 (0)
RULECHECK GRTG131a_v4 ........ TOTAL Result Count = 0 (0)
RULECHECK GRTG131_RF_m5 ...... TOTAL Result Count = 0 (0)
RULECHECK GRTG131a_v5 ........ TOTAL Result Count = 0 (0)
RULECHECK GRTG131_RF_mt ...... TOTAL Result Count = 0 (0)
RULECHECK GRTG131_RF ......... TOTAL Result Count = 0 (0)
RULECHECK GRTG131_RF_top ..... TOTAL Result Count = 0 (0)
RULECHECK GRESD01 ............ TOTAL Result Count = 0 (0)
RULECHECK GRESD01a ........... TOTAL Result Count = 0 (0)
RULECHECK GRESD01aRF ......... TOTAL Result Count = 0 (0)
RULECHECK GRESD01b ........... TOTAL Result Count = 0 (0)
RULECHECK GRESD01bRF ......... TOTAL Result Count = 0 (0)
RULECHECK GRLUP14R ........... NOT EXECUTED
RULECHECK GRLUP15aR .......... NOT EXECUTED
RULECHECK GRLUP15bR .......... NOT EXECUTED
RULECHECK GRESD01c ........... TOTAL Result Count = 0 (0)
RULECHECK GRESD01cRF ......... TOTAL Result Count = 0 (0)
RULECHECK GRESD08 ............ TOTAL Result Count = 0 (0)
RULECHECK GRESD09 ............ TOTAL Result Count = 0 (0)
RULECHECK GRESD09aR .......... NOT EXECUTED
RULECHECK GRESD10 ............ TOTAL Result Count = 0 (0)
RULECHECK GRESD13 ............ TOTAL Result Count = 0 (0)
RULECHECK GRESD14 ............ TOTAL Result Count = 0 (0)
RULECHECK GRESD14f ........... TOTAL Result Count = 0 (0)
RULECHECK GRESD20 ............ TOTAL Result Count = 0 (0)
RULECHECK GRESD22 ............ TOTAL Result Count = 0 (0)
RULECHECK GRESD23 ............ TOTAL Result Count = 0 (0)
RULECHECK GRESD24_RF ......... TOTAL Result Count = 0 (0)
RULECHECK GRESD24a_RF ........ TOTAL Result Count = 0 (0)
RULECHECK GRESD24b_RF ........ TOTAL Result Count = 0 (0)
RULECHECK GRESD24c_RF ........ TOTAL Result Count = 0 (0)
RULECHECK GRESD30_RF ......... TOTAL Result Count = 0 (0)
RULECHECK GRLUP09aR .......... NOT EXECUTED
RULECHECK GRLUP10aR .......... NOT EXECUTED
RULECHECK GRLUP11aR .......... NOT EXECUTED
RULECHECK GRLUP12aR .......... NOT EXECUTED
RULECHECK GRBEOL1_c4 ......... TOTAL Result Count = 0 (0)
RULECHECK GR900 .............. TOTAL Result Count = 0 (0)
RULECHECK GR900a ............. TOTAL Result Count = 0 (0)
RULECHECK GR900b ............. TOTAL Result Count = 0 (0)
RULECHECK GR900b2R ........... NOT EXECUTED
RULECHECK GR900c ............. TOTAL Result Count = 0 (0)
RULECHECK GR901 .............. TOTAL Result Count = 0 (0)
RULECHECK GR902b ............. TOTAL Result Count = 0 (0)
RULECHECK GR906 .............. TOTAL Result Count = 0 (0)
RULECHECK GR906R ............. NOT EXECUTED
RULECHECK GR907 .............. TOTAL Result Count = 0 (0)
RULECHECK GR911a ............. TOTAL Result Count = 0 (0)
RULECHECK GR927 .............. TOTAL Result Count = 0 (0)
----------------------------------------------------------------------------------
--- RULECHECK RESULTS STATISTICS (BY CELL)
---
----------------------------------------------------------------------------------
--- SUMMARY
---
TOTAL CPU Time:                  0
TOTAL REAL Time:                 1
TOTAL Original Layer Geometries: 42 (42)
TOTAL DRC RuleChecks Executed:   1324
TOTAL DRC Results Generated:     0 (0)
